#1 [internal] load local bake definitions
#1 reading from stdin 1.03kB done
#1 DONE 0.0s

#2 [party1 internal] load build definition from Dockerfile
#2 transferring dockerfile: 1.15kB done
#2 DONE 0.0s

#3 [party2 internal] load metadata for docker.io/library/ubuntu:22.04
#3 DONE 2.7s

#4 [party2 internal] load .dockerignore
#4 transferring context: 2B done
#4 DONE 0.0s

#5 [party1  1/10] FROM docker.io/library/ubuntu:22.04@sha256:3b06811b2afd352be909dd088a004166d665dc76d38b13eada33522a9d915c6f
#5 resolve docker.io/library/ubuntu:22.04@sha256:3b06811b2afd352be909dd088a004166d665dc76d38b13eada33522a9d915c6f 0.0s done
#5 DONE 0.0s

#6 [party0 internal] load build context
#6 transferring context: 149B done
#6 DONE 0.0s

#7 [party1  2/10] RUN apt-get update && apt-get install -y     automake build-essential clang cmake git     libboost-dev libboost-filesystem-dev libboost-iostreams-dev libboost-thread-dev     libgmp-dev libntl-dev     libsodium-dev libssl-dev libtool     python3 python3-pip     && rm -rf /var/lib/apt/lists/*
#7 CACHED

#8 [party1  8/10] COPY programs/sha256_full_column.mpc ./Programs/Source/sha256_full_column.mpc
#8 CACHED

#9 [party1  3/10] WORKDIR /mpspdz
#9 CACHED

#10 [party1  5/10] RUN make setup
#10 CACHED

#11 [party1  9/10] COPY scripts/entrypoint.sh /entrypoint.sh
#11 CACHED

#12 [party1  6/10] RUN make -j"$(nproc)" semi-bin-party.x
#12 CACHED

#13 [party1  4/10] RUN git clone --depth 1 https://github.com/data61/MP-SPDZ.git .
#13 CACHED

#14 [party1  7/10] RUN git submodule update --init Programs/Circuits || git clone --depth 1 https://github.com/mkskeller/bristol-fashion Programs/Circuits
#14 CACHED

#15 [party1 10/10] RUN chmod +x /entrypoint.sh
#15 CACHED

#16 [party1] exporting to image
#16 exporting layers done
#16 exporting manifest sha256:071148bc9cf003ec1d390fac834c7b1246ab647cfb1d9b037ddded255e2a9772 done
#16 exporting config sha256:c45af22006bcd41964bdefe6a85aeea905e24546ce01c50f09baf439569d32ab done
#16 exporting attestation manifest sha256:9848bcd7306b750c1eef76a46f8d542867b76296c573eef5319d8911485d0e42 0.0s done
#16 exporting manifest list sha256:9e92e15c1ec5166f0d5424ceef69634684e1d0ac317d13ef39dadf09a7b7e788
#16 exporting manifest list sha256:9e92e15c1ec5166f0d5424ceef69634684e1d0ac317d13ef39dadf09a7b7e788 0.0s done
#16 naming to docker.io/library/threshold-hbs-full-dkg-poc-party1:latest done
#16 unpacking to docker.io/library/threshold-hbs-full-dkg-poc-party1:latest done
#16 DONE 0.1s

#17 [party0] exporting to image
#17 exporting layers done
#17 exporting manifest sha256:071148bc9cf003ec1d390fac834c7b1246ab647cfb1d9b037ddded255e2a9772 done
#17 exporting config sha256:c45af22006bcd41964bdefe6a85aeea905e24546ce01c50f09baf439569d32ab done
#17 exporting attestation manifest sha256:7b4cebc814ebf31d3cf980dd07072a019b4703bcfe1da1b99ab7834026730b1e 0.0s done
#17 exporting manifest list sha256:0e8107870d045508562f26904ed8aebb9348b59719db455f25a8a2ccf10334ff 0.0s done
#17 naming to docker.io/library/threshold-hbs-full-dkg-poc-party0:latest done
#17 unpacking to docker.io/library/threshold-hbs-full-dkg-poc-party0:latest done
#17 DONE 0.2s

#18 [party2] exporting to image
#18 exporting layers done
#18 exporting manifest sha256:071148bc9cf003ec1d390fac834c7b1246ab647cfb1d9b037ddded255e2a9772 done
#18 exporting config sha256:c45af22006bcd41964bdefe6a85aeea905e24546ce01c50f09baf439569d32ab done
#18 exporting attestation manifest sha256:f0b96d2ead718ddcede4b015836a657364cab67dfc646927ec4267589e036579 0.0s done
#18 exporting manifest list sha256:dbfbc1fbfc68e6061dabf69c3278a3b555c7872cb37f38391947a195426dfa86 0.0s done
#18 naming to docker.io/library/threshold-hbs-full-dkg-poc-party2:latest done
#18 unpacking to docker.io/library/threshold-hbs-full-dkg-poc-party2:latest done
#18 DONE 0.2s

#19 [party1] resolving provenance for metadata file
#19 DONE 0.0s

#20 [party0] resolving provenance for metadata file
#20 DONE 0.0s

#21 [party2] resolving provenance for metadata file
#21 DONE 0.0s
Attaching to party0-1, party1-1, party2-1
party0-1  | ==================================================
party0-1  |  Party 0 arrancando (32 columnas completas de 16 pasos, 3 parties)
party0-1  | ==================================================
party0-1  | -> Compilando sha256_full_column (n_steps=16, n_parties=3, n_columns=32)
party0-1  | Default bit length for compilation: 64
party0-1  | Default security parameter for compilation: 40
party0-1  | Compiling file Programs/Source/sha256_full_column.mpc
party1-1  | ==================================================
party1-1  |  Party 1 arrancando (32 columnas completas de 16 pasos, 3 parties)
party1-1  | ==================================================
party1-1  | -> Compilando sha256_full_column (n_steps=16, n_parties=3, n_columns=32)
party2-1  | ==================================================
party2-1  |  Party 2 arrancando (32 columnas completas de 16 pasos, 3 parties)
party2-1  | ==================================================
party2-1  | -> Compilando sha256_full_column (n_steps=16, n_parties=3, n_columns=32)
party1-1  | Default bit length for compilation: 64
party1-1  | Default security parameter for compilation: 40
party1-1  | Compiling file Programs/Source/sha256_full_column.mpc
party2-1  | Default bit length for compilation: 64
party2-1  | Default security parameter for compilation: 40
party2-1  | Compiling file Programs/Source/sha256_full_column.mpc
party0-1  | Compiled 100000 lines at Thu Aug 13 15:58:10 2026
party1-1  | Compiled 100000 lines at Thu Aug 13 15:58:10 2026
party2-1  | Compiled 100000 lines at Thu Aug 13 15:58:10 2026
party0-1  | Compiled 200000 lines at Thu Aug 13 15:58:11 2026
party1-1  | Compiled 200000 lines at Thu Aug 13 15:58:11 2026
party2-1  | Compiled 200000 lines at Thu Aug 13 15:58:11 2026
party0-1  | Compiled 300000 lines at Thu Aug 13 15:58:12 2026
party1-1  | Compiled 300000 lines at Thu Aug 13 15:58:12 2026
party2-1  | Compiled 300000 lines at Thu Aug 13 15:58:13 2026
party0-1  | Compiled 400000 lines at Thu Aug 13 15:58:14 2026
party1-1  | Compiled 400000 lines at Thu Aug 13 15:58:14 2026
party2-1  | Compiled 400000 lines at Thu Aug 13 15:58:14 2026
party0-1  | Compiled 500000 lines at Thu Aug 13 15:58:16 2026
party1-1  | Compiled 500000 lines at Thu Aug 13 15:58:16 2026
party2-1  | Compiled 500000 lines at Thu Aug 13 15:58:16 2026
party0-1  | Compiled 600000 lines at Thu Aug 13 15:58:18 2026
party1-1  | Compiled 600000 lines at Thu Aug 13 15:58:19 2026
party2-1  | Compiled 600000 lines at Thu Aug 13 15:58:19 2026
party0-1  | Compiled 700000 lines at Thu Aug 13 15:58:20 2026
party1-1  | Compiled 700000 lines at Thu Aug 13 15:58:21 2026
party2-1  | Compiled 700000 lines at Thu Aug 13 15:58:21 2026
party0-1  | Compiled 800000 lines at Thu Aug 13 15:58:22 2026
party1-1  | Compiled 800000 lines at Thu Aug 13 15:58:23 2026
party2-1  | Compiled 800000 lines at Thu Aug 13 15:58:23 2026
party0-1  | Compiled 900000 lines at Thu Aug 13 15:58:25 2026
party1-1  | Compiled 900000 lines at Thu Aug 13 15:58:25 2026
party2-1  | Compiled 900000 lines at Thu Aug 13 15:58:25 2026
party0-1  | Compiled 1000000 lines at Thu Aug 13 15:58:26 2026
party1-1  | Compiled 1000000 lines at Thu Aug 13 15:58:27 2026
party2-1  | Compiled 1000000 lines at Thu Aug 13 15:58:27 2026
party0-1  | Compiled 1100000 lines at Thu Aug 13 15:58:29 2026
party1-1  | Compiled 1100000 lines at Thu Aug 13 15:58:29 2026
party2-1  | Compiled 1100000 lines at Thu Aug 13 15:58:29 2026
party0-1  | Compiled 1200000 lines at Thu Aug 13 15:58:31 2026
party1-1  | Compiled 1200000 lines at Thu Aug 13 15:58:31 2026
party2-1  | Compiled 1200000 lines at Thu Aug 13 15:58:31 2026
party0-1  | Compiled 1300000 lines at Thu Aug 13 15:58:33 2026
party1-1  | Compiled 1300000 lines at Thu Aug 13 15:58:34 2026
party2-1  | Compiled 1300000 lines at Thu Aug 13 15:58:34 2026
party0-1  | Compiled 1400000 lines at Thu Aug 13 15:58:35 2026
party1-1  | Compiled 1400000 lines at Thu Aug 13 15:58:36 2026
party2-1  | Compiled 1400000 lines at Thu Aug 13 15:58:36 2026
party0-1  | Compiled 1500000 lines at Thu Aug 13 15:58:37 2026
party1-1  | Compiled 1500000 lines at Thu Aug 13 15:58:37 2026
party2-1  | Compiled 1500000 lines at Thu Aug 13 15:58:38 2026
party0-1  | Compiled 1600000 lines at Thu Aug 13 15:58:40 2026
party1-1  | Compiled 1600000 lines at Thu Aug 13 15:58:40 2026
party2-1  | Compiled 1600000 lines at Thu Aug 13 15:58:40 2026
party0-1  | WARNING: Order of memory instructions not preserved, errors possible
party1-1  | WARNING: Order of memory instructions not preserved, errors possible
party2-1  | WARNING: Order of memory instructions not preserved, errors possible
party0-1  | Writing to Programs/Schedules/sha256_full_column-16-3-32.sch
party0-1  | Writing to Programs/Bytecode/sha256_full_column-16-3-32-0.bc
party2-1  | Writing to Programs/Schedules/sha256_full_column-16-3-32.sch
party2-1  | Writing to Programs/Bytecode/sha256_full_column-16-3-32-0.bc
party1-1  | Writing to Programs/Schedules/sha256_full_column-16-3-32.sch
party1-1  | Writing to Programs/Bytecode/sha256_full_column-16-3-32-0.bc
party0-1  | Hash: 0d0462906853b23d73ac2575e5eb8b67e22aadac7f237e96c944a81baa158092
party0-1  | Program requires at most:
party0-1  |       131072 bit inputs from player 0
party0-1  |       131072 bit inputs from player 1
party0-1  |       131072 bit inputs from player 2
party0-1  |        16384 bit opens
party0-1  |     10835040 bit triples
party0-1  |       771842 virtual machine rounds
party2-1  | Hash: 0d0462906853b23d73ac2575e5eb8b67e22aadac7f237e96c944a81baa158092
party2-1  | Program requires at most:
party2-1  |       131072 bit inputs from player 0
party2-1  |       131072 bit inputs from player 1
party2-1  |       131072 bit inputs from player 2
party2-1  |        16384 bit opens
party2-1  |     10835040 bit triples
party2-1  |       771842 virtual machine rounds
party1-1  | Hash: 0d0462906853b23d73ac2575e5eb8b67e22aadac7f237e96c944a81baa158092
party1-1  | Program requires at most:
party1-1  |       131072 bit inputs from player 0
party1-1  |       131072 bit inputs from player 1
party1-1  |       131072 bit inputs from player 2
party1-1  |        16384 bit opens
party1-1  |     10835040 bit triples
party1-1  |       771842 virtual machine rounds
party0-1  | -> Lanzando semi-bin-party.x
party0-1  | Using statistical security parameter 40
party2-1  | -> Lanzando semi-bin-party.x
party2-1  | Using statistical security parameter 40
party1-1  | -> Lanzando semi-bin-party.x
party1-1  | Using statistical security parameter 40
party0-1  | --- Columna 0 ---
party0-1  | Reg[0] = 0x00000000000000000000000000000000000000000000000000000000003c0000 #     
party0-1  | Reg[0] = 0x66687aadf862bd776c8fc18b8e9f8e20089714856ee233b3902a591d0d632924 #     
party0-1  | Reg[0] = 0x2b32db6c2c0a6235fb1397e8225ea85e0f0e6e8c7b126d0016ccbde0e65b151c #     
party0-1  | Reg[0] = 0x12771355e46cd47c71ed1721fd5319b383cca3a1f9fce3aa1c8cd3bd379320d4 #     
party0-1  | Reg[0] = 0xfe15c0d3ebe314fad720a08b839a004c2e6386f5aecc19ec74807d1920f76aef #     
party0-1  | Reg[0] = 0x376da11fe3ab3d0eaaddb418ccb49b5426d5c2504f526f7766580f6e45a44e3e #     
party0-1  | Reg[0] = 0x4391a5c79ffdc79883036503ca551673c09deec28df432a8d88debc7fa12c918 #     
party0-1  | Reg[0] = 0x5d1adcb5797c2eff1ba0460af9324ac6df5b6ffb66be6df2547872c2f2a7a4c5 #     
party0-1  | Reg[0] = 0x6a9b711ce5d3749ece29463110b6164dbb28dda28902586bf66e865e8c15c358 #     
party0-1  | Reg[0] = 0x4e6e6acef5953a6a2087d8dd7d38a49b3ca0627d8ab339872ce56c5bd389a11b #     
party0-1  | Reg[0] = 0xf13587bc89fe4882c7c889302511ffd738d136129b9f5be4c492cb4948953a83 #     
party0-1  | Reg[0] = 0x7b1f7c3b93ff643023d63bbbe182a179922ad85a2aa0e03ef50170b583429329 #     
party0-1  | Reg[0] = 0xdcb20558bd220be59a3d7f0091a128adb350093364276bcc7efd1ffebe2a1112 #     
party0-1  | Reg[0] = 0x986044cccd0d6429072e2329bbf203700420754cb6e1ba4a946a8bd640ab4fab #     
party0-1  | Reg[0] = 0x92db992ebb7dbc845fa3a0afdb5cd26577a552476ffcd8ff63aca3b0f0b6fa2c #     
party0-1  | Reg[4] = 0x2167a4ac269f9e6bba82518e22248cd997ecf048134e7f38ec73ee00841fe15c #     
party0-1  | --- Columna 1 ---
party0-1  | Reg[0] = 0x00000000000000000000000000000000000000000000000000000000003c04e8 #     
party0-1  | Reg[0] = 0x66687aadf862bd776c8fc18b8e9f8e20089714856ee233b3902a591d0d632dcc #     
party0-1  | Reg[0] = 0x2b32db6c2c0a6235fb1397e8225ea85e0f0e6e8c7b126d0016ccbde0e65b11f4 #     
party0-1  | Reg[0] = 0x12771355e46cd47c71ed1721fd5319b383cca3a1f9fce3aa1c8cd3bd3793243c #     
party0-1  | Reg[0] = 0xfe15c0d3ebe314fad720a08b839a004c2e6386f5aecc19ec74807d1920f76e07 #     
party0-1  | Reg[0] = 0x376da11fe3ab3d0eaaddb418ccb49b5426d5c2504f526f7766580f6e45a44ad6 #     
party0-1  | Reg[0] = 0x4391a5c79ffdc79883036503ca551673c09deec28df432a8d88debc7fa12cdf0 #     
party0-1  | Reg[0] = 0x5d1adcb5797c2eff1ba0460af9324ac6df5b6ffb66be6df2547872c2f2a7a02d #     
party0-1  | Reg[0] = 0x6a9b711ce5d3749ece29463110b6164dbb28dda28902586bf66e865e8c15c7a0 #     
party0-1  | Reg[0] = 0x4e6e6acef5953a6a2087d8dd7d38a49b3ca0627d8ab339872ce56c5bd389a5e3 #     
party0-1  | Reg[0] = 0xf13587bc89fe4882c7c889302511ffd738d136129b9f5be4c492cb4948953e7b #     
party0-1  | Reg[0] = 0x7b1f7c3b93ff643023d63bbbe182a179922ad85a2aa0e03ef50170b5834297d1 #     
party0-1  | Reg[0] = 0xdcb20558bd220be59a3d7f0091a128adb350093364276bcc7efd1ffebe2a15ea #     
party0-1  | Reg[0] = 0x986044cccd0d6429072e2329bbf203700420754cb6e1ba4a946a8bd640ab4b53 #     
party0-1  | Reg[0] = 0x92db992ebb7dbc845fa3a0afdb5cd26577a552476ffcd8ff63aca3b0f0b6fed4 #     
party0-1  | Reg[4] = 0x2167a4ac269f9e6bba82518e22248cd997ecf048134e7f38ec73ee00841fe5a4 #     
party0-1  | --- Columna 2 ---
party0-1  | Reg[0] = 0x00000000000000000000000000000000000000000000000000000000003c08d0 #     
party0-1  | Reg[0] = 0x66687aadf862bd776c8fc18b8e9f8e20089714856ee233b3902a591d0d6321f4 #     
party0-1  | Reg[0] = 0x2b32db6c2c0a6235fb1397e8225ea85e0f0e6e8c7b126d0016ccbde0e65b1dcc #     
party0-1  | Reg[0] = 0x12771355e46cd47c71ed1721fd5319b383cca3a1f9fce3aa1c8cd3bd37932804 #     
party0-1  | Reg[0] = 0xfe15c0d3ebe314fad720a08b839a004c2e6386f5aecc19ec74807d1920f7623f #     
party0-1  | Reg[0] = 0x376da11fe3ab3d0eaaddb418ccb49b5426d5c2504f526f7766580f6e45a446ee #     
party0-1  | Reg[0] = 0x4391a5c79ffdc79883036503ca551673c09deec28df432a8d88debc7fa12c1c8 #     
party0-1  | Reg[0] = 0x5d1adcb5797c2eff1ba0460af9324ac6df5b6ffb66be6df2547872c2f2a7ac15 #     
party0-1  | Reg[0] = 0x6a9b711ce5d3749ece29463110b6164dbb28dda28902586bf66e865e8c15cb88 #     
party0-1  | Reg[0] = 0x4e6e6acef5953a6a2087d8dd7d38a49b3ca0627d8ab339872ce56c5bd389a9cb #     
party0-1  | Reg[0] = 0xf13587bc89fe4882c7c889302511ffd738d136129b9f5be4c492cb4948953253 #     
party0-1  | Reg[0] = 0x7b1f7c3b93ff643023d63bbbe182a179922ad85a2aa0e03ef50170b583429bf9 #     
party0-1  | Reg[0] = 0xdcb20558bd220be59a3d7f0091a128adb350093364276bcc7efd1ffebe2a19c2 #     
party0-1  | Reg[0] = 0x986044cccd0d6429072e2329bbf203700420754cb6e1ba4a946a8bd640ab477b #     
party0-1  | Reg[0] = 0x92db992ebb7dbc845fa3a0afdb5cd26577a552476ffcd8ff63aca3b0f0b6f2fc #     
party0-1  | Reg[4] = 0x2167a4ac269f9e6bba82518e22248cd997ecf048134e7f38ec73ee00841fe98c #     
party0-1  | --- Columna 3 ---
party0-1  | Reg[0] = 0x00000000000000000000000000000000000000000000000000000000003c0fb8 #     
party0-1  | Reg[0] = 0x66687aadf862bd776c8fc18b8e9f8e20089714856ee233b3902a591d0d63269c #     
party0-1  | Reg[0] = 0x2b32db6c2c0a6235fb1397e8225ea85e0f0e6e8c7b126d0016ccbde0e65b1aa4 #     
party0-1  | Reg[0] = 0x12771355e46cd47c71ed1721fd5319b383cca3a1f9fce3aa1c8cd3bd37932f6c #     
party0-1  | Reg[0] = 0xfe15c0d3ebe314fad720a08b839a004c2e6386f5aecc19ec74807d1920f76557 #     
party0-1  | Reg[0] = 0x376da11fe3ab3d0eaaddb418ccb49b5426d5c2504f526f7766580f6e45a44186 #     
party0-1  | Reg[0] = 0x4391a5c79ffdc79883036503ca551673c09deec28df432a8d88debc7fa12c6a0 #     
party0-1  | Reg[0] = 0x5d1adcb5797c2eff1ba0460af9324ac6df5b6ffb66be6df2547872c2f2a7ab7d #     
party0-1  | Reg[0] = 0x6a9b711ce5d3749ece29463110b6164dbb28dda28902586bf66e865e8c15cf90 #     
party0-1  | Reg[0] = 0x4e6e6acef5953a6a2087d8dd7d38a49b3ca0627d8ab339872ce56c5bd389add3 #     
party0-1  | Reg[0] = 0xf13587bc89fe4882c7c889302511ffd738d136129b9f5be4c492cb494895364b #     
party0-1  | Reg[0] = 0x7b1f7c3b93ff643023d63bbbe182a179922ad85a2aa0e03ef50170b583429fe1 #     
party0-1  | Reg[0] = 0xdcb20558bd220be59a3d7f0091a128adb350093364276bcc7efd1ffebe2a1dda #     
party0-1  | Reg[0] = 0x986044cccd0d6429072e2329bbf203700420754cb6e1ba4a946a8bd640ab4363 #     
party0-1  | Reg[0] = 0x92db992ebb7dbc845fa3a0afdb5cd26577a552476ffcd8ff63aca3b0f0b6f6e4 #     
party0-1  | Reg[4] = 0x2167a4ac269f9e6bba82518e22248cd997ecf048134e7f38ec73ee00841fed94 #     
party0-1  | --- Columna 4 ---
party0-1  | Reg[0] = 0x00000000000000000000000000000000000000000000000000000000003c13a0 #     
party0-1  | Reg[0] = 0x66687aadf862bd776c8fc18b8e9f8e20089714856ee233b3902a591d0d633a84 #     
party0-1  | Reg[0] = 0x2b32db6c2c0a6235fb1397e8225ea85e0f0e6e8c7b126d0016ccbde0e65b06bc #     
party0-1  | Reg[0] = 0x12771355e46cd47c71ed1721fd5319b383cca3a1f9fce3aa1c8cd3bd37933374 #     
party0-1  | Reg[0] = 0xfe15c0d3ebe314fad720a08b839a004c2e6386f5aecc19ec74807d1920f7794f #     
party0-1  | Reg[0] = 0x376da11fe3ab3d0eaaddb418ccb49b5426d5c2504f526f7766580f6e45a45d9e #     
party0-1  | Reg[0] = 0x4391a5c79ffdc79883036503ca551673c09deec28df432a8d88debc7fa12dab8 #     
party0-1  | Reg[0] = 0x5d1adcb5797c2eff1ba0460af9324ac6df5b6ffb66be6df2547872c2f2a7b765 #     
party0-1  | Reg[0] = 0x6a9b711ce5d3749ece29463110b6164dbb28dda28902586bf66e865e8c15d0f8 #     
party0-1  | Reg[0] = 0x4e6e6acef5953a6a2087d8dd7d38a49b3ca0627d8ab339872ce56c5bd389b2bb #     
party0-1  | Reg[0] = 0xf13587bc89fe4882c7c889302511ffd738d136129b9f5be4c492cb4948952923 #     
party0-1  | Reg[0] = 0x7b1f7c3b93ff643023d63bbbe182a179922ad85a2aa0e03ef50170b583428089 #     
party0-1  | Reg[0] = 0xdcb20558bd220be59a3d7f0091a128adb350093364276bcc7efd1ffebe2a02b2 #     
party0-1  | Reg[0] = 0x986044cccd0d6429072e2329bbf203700420754cb6e1ba4a946a8bd640ab5c0b #     
party0-1  | Reg[0] = 0x92db992ebb7dbc845fa3a0afdb5cd26577a552476ffcd8ff63aca3b0f0b6e98c #     
party0-1  | Reg[4] = 0x2167a4ac269f9e6bba82518e22248cd997ecf048134e7f38ec73ee00841ff2fc #     
party0-1  | --- Columna 5 ---
party0-1  | Reg[0] = 0x00000000000000000000000000000000000000000000000000000000003c1788 #     
party0-1  | Reg[0] = 0x66687aadf862bd776c8fc18b8e9f8e20089714856ee233b3902a591d0d633eac #     
party0-1  | Reg[0] = 0x2b32db6c2c0a6235fb1397e8225ea85e0f0e6e8c7b126d0016ccbde0e65b0294 #     
party0-1  | Reg[0] = 0x12771355e46cd47c71ed1721fd5319b383cca3a1f9fce3aa1c8cd3bd3793375c #     
party0-1  | Reg[0] = 0xfe15c0d3ebe314fad720a08b839a004c2e6386f5aecc19ec74807d1920f77d67 #     
party0-1  | Reg[0] = 0x376da11fe3ab3d0eaaddb418ccb49b5426d5c2504f526f7766580f6e45a459b6 #     
party0-1  | Reg[0] = 0x4391a5c79ffdc79883036503ca551673c09deec28df432a8d88debc7fa12de90 #     
party0-1  | Reg[0] = 0x5d1adcb5797c2eff1ba0460af9324ac6df5b6ffb66be6df2547872c2f2a7b34d #     
party0-1  | Reg[0] = 0x6a9b711ce5d3749ece29463110b6164dbb28dda28902586bf66e865e8c15d4c0 #     
party0-1  | Reg[0] = 0x4e6e6acef5953a6a2087d8dd7d38a49b3ca0627d8ab339872ce56c5bd389b683 #     
party0-1  | Reg[0] = 0xf13587bc89fe4882c7c889302511ffd738d136129b9f5be4c492cb4948952d1b #     
party0-1  | Reg[0] = 0x7b1f7c3b93ff643023d63bbbe182a179922ad85a2aa0e03ef50170b5834284b1 #     
party0-1  | Reg[0] = 0xdcb20558bd220be59a3d7f0091a128adb350093364276bcc7efd1ffebe2a068a #     
party0-1  | Reg[0] = 0x986044cccd0d6429072e2329bbf203700420754cb6e1ba4a946a8bd640ab5833 #     
party0-1  | Reg[0] = 0x92db992ebb7dbc845fa3a0afdb5cd26577a552476ffcd8ff63aca3b0f0b6edb4 #     
party0-1  | Reg[4] = 0x2167a4ac269f9e6bba82518e22248cd997ecf048134e7f38ec73ee00841ff6c4 #     
party0-1  | --- Columna 6 ---
party0-1  | Reg[0] = 0x00000000000000000000000000000000000000000000000000000000003c1c70 #     
party0-1  | Reg[0] = 0x66687aadf862bd776c8fc18b8e9f8e20089714856ee233b3902a591d0d633554 #     
party0-1  | Reg[0] = 0x2b32db6c2c0a6235fb1397e8225ea85e0f0e6e8c7b126d0016ccbde0e65b096c #     
party0-1  | Reg[0] = 0x12771355e46cd47c71ed1721fd5319b383cca3a1f9fce3aa1c8cd3bd37933ca4 #     
party0-1  | Reg[0] = 0xfe15c0d3ebe314fad720a08b839a004c2e6386f5aecc19ec74807d1920f7769f #     
party0-1  | Reg[0] = 0x376da11fe3ab3d0eaaddb418ccb49b5426d5c2504f526f7766580f6e45a4524e #     
party0-1  | Reg[0] = 0x4391a5c79ffdc79883036503ca551673c09deec28df432a8d88debc7fa12d568 #     
party0-1  | Reg[0] = 0x5d1adcb5797c2eff1ba0460af9324ac6df5b6ffb66be6df2547872c2f2a7b8b5 #     
party0-1  | Reg[0] = 0x6a9b711ce5d3749ece29463110b6164dbb28dda28902586bf66e865e8c15df28 #     
party0-1  | Reg[0] = 0x4e6e6acef5953a6a2087d8dd7d38a49b3ca0627d8ab339872ce56c5bd389bd6b #     
party0-1  | Reg[0] = 0xf13587bc89fe4882c7c889302511ffd738d136129b9f5be4c492cb49489526f3 #     
party0-1  | Reg[0] = 0x7b1f7c3b93ff643023d63bbbe182a179922ad85a2aa0e03ef50170b583428f59 #     
party0-1  | Reg[0] = 0xdcb20558bd220be59a3d7f0091a128adb350093364276bcc7efd1ffebe2a0d62 #     
party0-1  | Reg[0] = 0x986044cccd0d6429072e2329bbf203700420754cb6e1ba4a946a8bd640ab53db #     
party0-1  | Reg[0] = 0x92db992ebb7dbc845fa3a0afdb5cd26577a552476ffcd8ff63aca3b0f0b6e65c #     
party0-1  | Reg[4] = 0x2167a4ac269f9e6bba82518e22248cd997ecf048134e7f38ec73ee00841ffd2c #     
party0-1  | --- Columna 7 ---
party0-1  | Reg[0] = 0x00000000000000000000000000000000000000000000000000000000003c2058 #     
party0-1  | Reg[0] = 0x66687aadf862bd776c8fc18b8e9f8e20089714856ee233b3902a591d0d63097c #     
party0-1  | Reg[0] = 0x2b32db6c2c0a6235fb1397e8225ea85e0f0e6e8c7b126d0016ccbde0e65b3544 #     
party0-1  | Reg[0] = 0x12771355e46cd47c71ed1721fd5319b383cca3a1f9fce3aa1c8cd3bd3793008c #     
party0-1  | Reg[0] = 0xfe15c0d3ebe314fad720a08b839a004c2e6386f5aecc19ec74807d1920f74ab7 #     
party0-1  | Reg[0] = 0x376da11fe3ab3d0eaaddb418ccb49b5426d5c2504f526f7766580f6e45a46e66 #     
party0-1  | Reg[0] = 0x4391a5c79ffdc79883036503ca551673c09deec28df432a8d88debc7fa12e940 #     
party0-1  | Reg[0] = 0x5d1adcb5797c2eff1ba0460af9324ac6df5b6ffb66be6df2547872c2f2a7849d #     
party0-1  | Reg[0] = 0x6a9b711ce5d3749ece29463110b6164dbb28dda28902586bf66e865e8c15e330 #     
party0-1  | Reg[0] = 0x4e6e6acef5953a6a2087d8dd7d38a49b3ca0627d8ab339872ce56c5bd3898173 #     
party0-1  | Reg[0] = 0xf13587bc89fe4882c7c889302511ffd738d136129b9f5be4c492cb4948951aeb #     
party0-1  | Reg[0] = 0x7b1f7c3b93ff643023d63bbbe182a179922ad85a2aa0e03ef50170b58342b341 #     
party0-1  | Reg[0] = 0xdcb20558bd220be59a3d7f0091a128adb350093364276bcc7efd1ffebe2a317a #     
party0-1  | Reg[0] = 0x986044cccd0d6429072e2329bbf203700420754cb6e1ba4a946a8bd640ab6fc3 #     
party0-1  | Reg[0] = 0x92db992ebb7dbc845fa3a0afdb5cd26577a552476ffcd8ff63aca3b0f0b6da44 #     
party0-1  | Reg[4] = 0x2167a4ac269f9e6bba82518e22248cd997ecf048134e7f38ec73ee00841fc134 #     
party0-1  | --- Columna 8 ---
party0-1  | Reg[0] = 0x00000000000000000000000000000000000000000000000000000000003c2440 #     
party0-1  | Reg[0] = 0x66687aadf862bd776c8fc18b8e9f8e20089714856ee233b3902a591d0d630d64 #     
party0-1  | Reg[0] = 0x2b32db6c2c0a6235fb1397e8225ea85e0f0e6e8c7b126d0016ccbde0e65b315c #     
party0-1  | Reg[0] = 0x12771355e46cd47c71ed1721fd5319b383cca3a1f9fce3aa1c8cd3bd37930494 #     
party0-1  | Reg[0] = 0xfe15c0d3ebe314fad720a08b839a004c2e6386f5aecc19ec74807d1920f74eaf #     
party0-1  | Reg[0] = 0x376da11fe3ab3d0eaaddb418ccb49b5426d5c2504f526f7766580f6e45a46a7e #     
party0-1  | Reg[0] = 0x4391a5c79ffdc79883036503ca551673c09deec28df432a8d88debc7fa12ed58 #     
party0-1  | Reg[0] = 0x5d1adcb5797c2eff1ba0460af9324ac6df5b6ffb66be6df2547872c2f2a78085 #     
party0-1  | Reg[0] = 0x6a9b711ce5d3749ece29463110b6164dbb28dda28902586bf66e865e8c15e718 #     
party0-1  | Reg[0] = 0x4e6e6acef5953a6a2087d8dd7d38a49b3ca0627d8ab339872ce56c5bd389855b #     
party0-1  | Reg[0] = 0xf13587bc89fe4882c7c889302511ffd738d136129b9f5be4c492cb4948951ec3 #     
party0-1  | Reg[0] = 0x7b1f7c3b93ff643023d63bbbe182a179922ad85a2aa0e03ef50170b58342b769 #     
party0-1  | Reg[0] = 0xdcb20558bd220be59a3d7f0091a128adb350093364276bcc7efd1ffebe2a3552 #     
party0-1  | Reg[0] = 0x986044cccd0d6429072e2329bbf203700420754cb6e1ba4a946a8bd640ab6beb #     
party0-1  | Reg[0] = 0x92db992ebb7dbc845fa3a0afdb5cd26577a552476ffcd8ff63aca3b0f0b6de6c #     
party0-1  | Reg[4] = 0x2167a4ac269f9e6bba82518e22248cd997ecf048134e7f38ec73ee00841fc51c #     
party0-1  | --- Columna 9 ---
party0-1  | Reg[0] = 0x00000000000000000000000000000000000000000000000000000000003c2b28 #     
party0-1  | Reg[0] = 0x66687aadf862bd776c8fc18b8e9f8e20089714856ee233b3902a591d0d63020c #     
party0-1  | Reg[0] = 0x2b32db6c2c0a6235fb1397e8225ea85e0f0e6e8c7b126d0016ccbde0e65b3e34 #     
party0-1  | Reg[0] = 0x12771355e46cd47c71ed1721fd5319b383cca3a1f9fce3aa1c8cd3bd37930bfc #     
party0-1  | Reg[0] = 0xfe15c0d3ebe314fad720a08b839a004c2e6386f5aecc19ec74807d1920f741c7 #     
party0-1  | Reg[0] = 0x376da11fe3ab3d0eaaddb418ccb49b5426d5c2504f526f7766580f6e45a46516 #     
party0-1  | Reg[0] = 0x4391a5c79ffdc79883036503ca551673c09deec28df432a8d88debc7fa12e230 #     
party0-1  | Reg[0] = 0x5d1adcb5797c2eff1ba0460af9324ac6df5b6ffb66be6df2547872c2f2a78fed #     
party0-1  | Reg[0] = 0x6a9b711ce5d3749ece29463110b6164dbb28dda28902586bf66e865e8c15e860 #     
party0-1  | Reg[0] = 0x4e6e6acef5953a6a2087d8dd7d38a49b3ca0627d8ab339872ce56c5bd3898a23 #     
party0-1  | Reg[0] = 0xf13587bc89fe4882c7c889302511ffd738d136129b9f5be4c492cb49489511bb #     
party0-1  | Reg[0] = 0x7b1f7c3b93ff643023d63bbbe182a179922ad85a2aa0e03ef50170b58342b811 #     
party0-1  | Reg[0] = 0xdcb20558bd220be59a3d7f0091a128adb350093364276bcc7efd1ffebe2a3a2a #     
party0-1  | Reg[0] = 0x986044cccd0d6429072e2329bbf203700420754cb6e1ba4a946a8bd640ab6493 #     
party0-1  | Reg[0] = 0x92db992ebb7dbc845fa3a0afdb5cd26577a552476ffcd8ff63aca3b0f0b6d114 #     
party0-1  | Reg[4] = 0x2167a4ac269f9e6bba82518e22248cd997ecf048134e7f38ec73ee00841fca64 #     
party0-1  | --- Columna 10 ---
party0-1  | Reg[0] = 0x00000000000000000000000000000000000000000000000000000000003c2f10 #     
party0-1  | Reg[0] = 0x66687aadf862bd776c8fc18b8e9f8e20089714856ee233b3902a591d0d630634 #     
party0-1  | Reg[0] = 0x2b32db6c2c0a6235fb1397e8225ea85e0f0e6e8c7b126d0016ccbde0e65b3a0c #     
party0-1  | Reg[0] = 0x12771355e46cd47c71ed1721fd5319b383cca3a1f9fce3aa1c8cd3bd37930fc4 #     
party0-1  | Reg[0] = 0xfe15c0d3ebe314fad720a08b839a004c2e6386f5aecc19ec74807d1920f745ff #     
party0-1  | Reg[0] = 0x376da11fe3ab3d0eaaddb418ccb49b5426d5c2504f526f7766580f6e45a4612e #     
party0-1  | Reg[0] = 0x4391a5c79ffdc79883036503ca551673c09deec28df432a8d88debc7fa12e608 #     
party0-1  | Reg[0] = 0x5d1adcb5797c2eff1ba0460af9324ac6df5b6ffb66be6df2547872c2f2a78bd5 #     
party0-1  | Reg[0] = 0x6a9b711ce5d3749ece29463110b6164dbb28dda28902586bf66e865e8c15ec48 #     
party0-1  | Reg[0] = 0x4e6e6acef5953a6a2087d8dd7d38a49b3ca0627d8ab339872ce56c5bd3898e0b #     
party0-1  | Reg[0] = 0xf13587bc89fe4882c7c889302511ffd738d136129b9f5be4c492cb4948951593 #     
party0-1  | Reg[0] = 0x7b1f7c3b93ff643023d63bbbe182a179922ad85a2aa0e03ef50170b58342bc39 #     
party0-1  | Reg[0] = 0xdcb20558bd220be59a3d7f0091a128adb350093364276bcc7efd1ffebe2a3e02 #     
party0-1  | Reg[0] = 0x986044cccd0d6429072e2329bbf203700420754cb6e1ba4a946a8bd640ab60bb #     
party0-1  | Reg[0] = 0x92db992ebb7dbc845fa3a0afdb5cd26577a552476ffcd8ff63aca3b0f0b6d53c #     
party0-1  | Reg[4] = 0x2167a4ac269f9e6bba82518e22248cd997ecf048134e7f38ec73ee00841fce4c #     
party0-1  | --- Columna 11 ---
party0-1  | Reg[0] = 0x00000000000000000000000000000000000000000000000000000000003c33f8 #     
party0-1  | Reg[0] = 0x66687aadf862bd776c8fc18b8e9f8e20089714856ee233b3902a591d0d631adc #     
party0-1  | Reg[0] = 0x2b32db6c2c0a6235fb1397e8225ea85e0f0e6e8c7b126d0016ccbde0e65b26e4 #     
party0-1  | Reg[0] = 0x12771355e46cd47c71ed1721fd5319b383cca3a1f9fce3aa1c8cd3bd3793132c #     
party0-1  | Reg[0] = 0xfe15c0d3ebe314fad720a08b839a004c2e6386f5aecc19ec74807d1920f75917 #     
party0-1  | Reg[0] = 0x376da11fe3ab3d0eaaddb418ccb49b5426d5c2504f526f7766580f6e45a47dc6 #     
party0-1  | Reg[0] = 0x4391a5c79ffdc79883036503ca551673c09deec28df432a8d88debc7fa12fae0 #     
party0-1  | Reg[0] = 0x5d1adcb5797c2eff1ba0460af9324ac6df5b6ffb66be6df2547872c2f2a7973d #     
party0-1  | Reg[0] = 0x6a9b711ce5d3749ece29463110b6164dbb28dda28902586bf66e865e8c15f050 #     
party0-1  | Reg[0] = 0x4e6e6acef5953a6a2087d8dd7d38a49b3ca0627d8ab339872ce56c5bd3899213 #     
party0-1  | Reg[0] = 0xf13587bc89fe4882c7c889302511ffd738d136129b9f5be4c492cb494895098b #     
party0-1  | Reg[0] = 0x7b1f7c3b93ff643023d63bbbe182a179922ad85a2aa0e03ef50170b58342a021 #     
party0-1  | Reg[0] = 0xdcb20558bd220be59a3d7f0091a128adb350093364276bcc7efd1ffebe2a221a #     
party0-1  | Reg[0] = 0x986044cccd0d6429072e2329bbf203700420754cb6e1ba4a946a8bd640ab7ca3 #     
party0-1  | Reg[0] = 0x92db992ebb7dbc845fa3a0afdb5cd26577a552476ffcd8ff63aca3b0f0b6c924 #     
party0-1  | Reg[4] = 0x2167a4ac269f9e6bba82518e22248cd997ecf048134e7f38ec73ee00841fd254 #     
party0-1  | --- Columna 12 ---
party0-1  | Reg[0] = 0x00000000000000000000000000000000000000000000000000000000003c37e0 #     
party0-1  | Reg[0] = 0x66687aadf862bd776c8fc18b8e9f8e20089714856ee233b3902a591d0d631ec4 #     
party0-1  | Reg[0] = 0x2b32db6c2c0a6235fb1397e8225ea85e0f0e6e8c7b126d0016ccbde0e65b22fc #     
party0-1  | Reg[0] = 0x12771355e46cd47c71ed1721fd5319b383cca3a1f9fce3aa1c8cd3bd37931734 #     
party0-1  | Reg[0] = 0xfe15c0d3ebe314fad720a08b839a004c2e6386f5aecc19ec74807d1920f75d0f #     
party0-1  | Reg[0] = 0x376da11fe3ab3d0eaaddb418ccb49b5426d5c2504f526f7766580f6e45a479de #     
party0-1  | Reg[0] = 0x4391a5c79ffdc79883036503ca551673c09deec28df432a8d88debc7fa12fef8 #     
party0-1  | Reg[0] = 0x5d1adcb5797c2eff1ba0460af9324ac6df5b6ffb66be6df2547872c2f2a79325 #     
party0-1  | Reg[0] = 0x6a9b711ce5d3749ece29463110b6164dbb28dda28902586bf66e865e8c15f4b8 #     
party0-1  | Reg[0] = 0x4e6e6acef5953a6a2087d8dd7d38a49b3ca0627d8ab339872ce56c5bd38996fb #     
party0-1  | Reg[0] = 0xf13587bc89fe4882c7c889302511ffd738d136129b9f5be4c492cb4948950d63 #     
party0-1  | Reg[0] = 0x7b1f7c3b93ff643023d63bbbe182a179922ad85a2aa0e03ef50170b58342a4c9 #     
party0-1  | Reg[0] = 0xdcb20558bd220be59a3d7f0091a128adb350093364276bcc7efd1ffebe2a26f2 #     
party0-1  | Reg[0] = 0x986044cccd0d6429072e2329bbf203700420754cb6e1ba4a946a8bd640ab784b #     
party0-1  | Reg[0] = 0x92db992ebb7dbc845fa3a0afdb5cd26577a552476ffcd8ff63aca3b0f0b6cdcc #     
party0-1  | Reg[4] = 0x2167a4ac269f9e6bba82518e22248cd997ecf048134e7f38ec73ee00841fd6bc #     
party0-1  | --- Columna 13 ---
party0-1  | Reg[0] = 0x00000000000000000000000000000000000000000000000000000000003c3bc8 #     
party0-1  | Reg[0] = 0x66687aadf862bd776c8fc18b8e9f8e20089714856ee233b3902a591d0d6312ec #     
party0-1  | Reg[0] = 0x2b32db6c2c0a6235fb1397e8225ea85e0f0e6e8c7b126d0016ccbde0e65b2ed4 #     
party0-1  | Reg[0] = 0x12771355e46cd47c71ed1721fd5319b383cca3a1f9fce3aa1c8cd3bd37931b1c #     
party0-1  | Reg[0] = 0xfe15c0d3ebe314fad720a08b839a004c2e6386f5aecc19ec74807d1920f75127 #     
party0-1  | Reg[0] = 0x376da11fe3ab3d0eaaddb418ccb49b5426d5c2504f526f7766580f6e45a475f6 #     
party0-1  | Reg[0] = 0x4391a5c79ffdc79883036503ca551673c09deec28df432a8d88debc7fa12f2d0 #     
party0-1  | Reg[0] = 0x5d1adcb5797c2eff1ba0460af9324ac6df5b6ffb66be6df2547872c2f2a79f0d #     
party0-1  | Reg[0] = 0x6a9b711ce5d3749ece29463110b6164dbb28dda28902586bf66e865e8c15f880 #     
party0-1  | Reg[0] = 0x4e6e6acef5953a6a2087d8dd7d38a49b3ca0627d8ab339872ce56c5bd3899ac3 #     
party0-1  | Reg[0] = 0xf13587bc89fe4882c7c889302511ffd738d136129b9f5be4c492cb494895015b #     
party0-1  | Reg[0] = 0x7b1f7c3b93ff643023d63bbbe182a179922ad85a2aa0e03ef50170b58342a8f1 #     
party0-1  | Reg[0] = 0xdcb20558bd220be59a3d7f0091a128adb350093364276bcc7efd1ffebe2a2aca #     
party0-1  | Reg[0] = 0x986044cccd0d6429072e2329bbf203700420754cb6e1ba4a946a8bd640ab7473 #     
party0-1  | Reg[0] = 0x92db992ebb7dbc845fa3a0afdb5cd26577a552476ffcd8ff63aca3b0f0b6c1f4 #     
party0-1  | Reg[4] = 0x2167a4ac269f9e6bba82518e22248cd997ecf048134e7f38ec73ee00841fda84 #     
party0-1  | --- Columna 14 ---
party0-1  | Reg[0] = 0x00000000000000000000000000000000000000000000000000000000003c3eb0 #     
party0-1  | Reg[0] = 0x66687aadf862bd776c8fc18b8e9f8e20089714856ee233b3902a591d0d631794 #     
party0-1  | Reg[0] = 0x2b32db6c2c0a6235fb1397e8225ea85e0f0e6e8c7b126d0016ccbde0e65b2bac #     
party0-1  | Reg[0] = 0x12771355e46cd47c71ed1721fd5319b383cca3a1f9fce3aa1c8cd3bd37931e64 #     
party0-1  | Reg[0] = 0xfe15c0d3ebe314fad720a08b839a004c2e6386f5aecc19ec74807d1920f7545f #     
party0-1  | Reg[0] = 0x376da11fe3ab3d0eaaddb418ccb49b5426d5c2504f526f7766580f6e45a4708e #     
party0-1  | Reg[0] = 0x4391a5c79ffdc79883036503ca551673c09deec28df432a8d88debc7fa12f7a8 #     
party0-1  | Reg[0] = 0x5d1adcb5797c2eff1ba0460af9324ac6df5b6ffb66be6df2547872c2f2a79a75 #     
party0-1  | Reg[0] = 0x6a9b711ce5d3749ece29463110b6164dbb28dda28902586bf66e865e8c15fde8 #     
party0-1  | Reg[0] = 0x4e6e6acef5953a6a2087d8dd7d38a49b3ca0627d8ab339872ce56c5bd3899fab #     
party0-1  | Reg[0] = 0xf13587bc89fe4882c7c889302511ffd738d136129b9f5be4c492cb4948950433 #     
party0-1  | Reg[0] = 0x7b1f7c3b93ff643023d63bbbe182a179922ad85a2aa0e03ef50170b58342ad99 #     
party0-1  | Reg[0] = 0xdcb20558bd220be59a3d7f0091a128adb350093364276bcc7efd1ffebe2a2fa2 #     
party0-1  | Reg[0] = 0x986044cccd0d6429072e2329bbf203700420754cb6e1ba4a946a8bd640ab711b #     
party0-1  | Reg[0] = 0x92db992ebb7dbc845fa3a0afdb5cd26577a552476ffcd8ff63aca3b0f0b6c49c #     
party0-1  | Reg[4] = 0x2167a4ac269f9e6bba82518e22248cd997ecf048134e7f38ec73ee00841fdfec #     
party0-1  | --- Columna 15 ---
party0-1  | Reg[0] = 0x00000000000000000000000000000000000000000000000000000000003fc298 #     
party0-1  | Reg[0] = 0x66687aadf862bd776c8fc18b8e9f8e20089714856ee233b3902a591d0d60ebbc #     
party0-1  | Reg[0] = 0x2b32db6c2c0a6235fb1397e8225ea85e0f0e6e8c7b126d0016ccbde0e658d784 #     
party0-1  | Reg[0] = 0x12771355e46cd47c71ed1721fd5319b383cca3a1f9fce3aa1c8cd3bd3790e24c #     
party0-1  | Reg[0] = 0xfe15c0d3ebe314fad720a08b839a004c2e6386f5aecc19ec74807d1920f4a877 #     
party0-1  | Reg[0] = 0x376da11fe3ab3d0eaaddb418ccb49b5426d5c2504f526f7766580f6e45a78ca6 #     
party0-1  | Reg[0] = 0x4391a5c79ffdc79883036503ca551673c09deec28df432a8d88debc7fa110b80 #     
party0-1  | Reg[0] = 0x5d1adcb5797c2eff1ba0460af9324ac6df5b6ffb66be6df2547872c2f2a4665d #     
party0-1  | Reg[0] = 0x6a9b711ce5d3749ece29463110b6164dbb28dda28902586bf66e865e8c1601f0 #     
party0-1  | Reg[0] = 0x4e6e6acef5953a6a2087d8dd7d38a49b3ca0627d8ab339872ce56c5bd38a63b3 #     
party0-1  | Reg[0] = 0xf13587bc89fe4882c7c889302511ffd738d136129b9f5be4c492cb494896f82b #     
party0-1  | Reg[0] = 0x7b1f7c3b93ff643023d63bbbe182a179922ad85a2aa0e03ef50170b583415181 #     
party0-1  | Reg[0] = 0xdcb20558bd220be59a3d7f0091a128adb350093364276bcc7efd1ffebe29d3ba #     
party0-1  | Reg[0] = 0x986044cccd0d6429072e2329bbf203700420754cb6e1ba4a946a8bd640a88d03 #     
party0-1  | Reg[0] = 0x92db992ebb7dbc845fa3a0afdb5cd26577a552476ffcd8ff63aca3b0f0b53884 #     
party0-1  | Reg[4] = 0x2167a4ac269f9e6bba82518e22248cd997ecf048134e7f38ec73ee00841c23f4 #     
party0-1  | --- Columna 16 ---
party0-1  | Reg[0] = 0x00000000000000000000000000000000000000000000000000000000003f4680 #     
party0-1  | Reg[0] = 0x66687aadf862bd776c8fc18b8e9f8e20089714856ee233b3902a591d0d606fa4 #     
party0-1  | Reg[0] = 0x2b32db6c2c0a6235fb1397e8225ea85e0f0e6e8c7b126d0016ccbde0e658539c #     
party0-1  | Reg[0] = 0x12771355e46cd47c71ed1721fd5319b383cca3a1f9fce3aa1c8cd3bd37906654 #     
party0-1  | Reg[0] = 0xfe15c0d3ebe314fad720a08b839a004c2e6386f5aecc19ec74807d1920f42c6f #     
party0-1  | Reg[0] = 0x376da11fe3ab3d0eaaddb418ccb49b5426d5c2504f526f7766580f6e45a708be #     
party0-1  | Reg[0] = 0x4391a5c79ffdc79883036503ca551673c09deec28df432a8d88debc7fa118f98 #     
party0-1  | Reg[0] = 0x5d1adcb5797c2eff1ba0460af9324ac6df5b6ffb66be6df2547872c2f2a4e245 #     
party0-1  | Reg[0] = 0x6a9b711ce5d3749ece29463110b6164dbb28dda28902586bf66e865e8c1685d8 #     
party0-1  | Reg[0] = 0x4e6e6acef5953a6a2087d8dd7d38a49b3ca0627d8ab339872ce56c5bd38ae79b #     
party0-1  | Reg[0] = 0xf13587bc89fe4882c7c889302511ffd738d136129b9f5be4c492cb4948967c03 #     
party0-1  | Reg[0] = 0x7b1f7c3b93ff643023d63bbbe182a179922ad85a2aa0e03ef50170b58341d5a9 #     
party0-1  | Reg[0] = 0xdcb20558bd220be59a3d7f0091a128adb350093364276bcc7efd1ffebe295792 #     
party0-1  | Reg[0] = 0x986044cccd0d6429072e2329bbf203700420754cb6e1ba4a946a8bd640a8092b #     
party0-1  | Reg[0] = 0x92db992ebb7dbc845fa3a0afdb5cd26577a552476ffcd8ff63aca3b0f0b5bcac #     
party0-1  | Reg[4] = 0x2167a4ac269f9e6bba82518e22248cd997ecf048134e7f38ec73ee00841ca7dc #     
party0-1  | --- Columna 17 ---
party0-1  | Reg[0] = 0x00000000000000000000000000000000000000000000000000000000003f4b68 #     
party0-1  | Reg[0] = 0x66687aadf862bd776c8fc18b8e9f8e20089714856ee233b3902a591d0d60624c #     
party0-1  | Reg[0] = 0x2b32db6c2c0a6235fb1397e8225ea85e0f0e6e8c7b126d0016ccbde0e6585e74 #     
party0-1  | Reg[0] = 0x12771355e46cd47c71ed1721fd5319b383cca3a1f9fce3aa1c8cd3bd37906bbc #     
party0-1  | Reg[0] = 0xfe15c0d3ebe314fad720a08b839a004c2e6386f5aecc19ec74807d1920f42187 #     
party0-1  | Reg[0] = 0x376da11fe3ab3d0eaaddb418ccb49b5426d5c2504f526f7766580f6e45a70556 #     
party0-1  | Reg[0] = 0x4391a5c79ffdc79883036503ca551673c09deec28df432a8d88debc7fa118270 #     
party0-1  | Reg[0] = 0x5d1adcb5797c2eff1ba0460af9324ac6df5b6ffb66be6df2547872c2f2a4efad #     
party0-1  | Reg[0] = 0x6a9b711ce5d3749ece29463110b6164dbb28dda28902586bf66e865e8c168820 #     
party0-1  | Reg[0] = 0x4e6e6acef5953a6a2087d8dd7d38a49b3ca0627d8ab339872ce56c5bd38aea63 #     
party0-1  | Reg[0] = 0xf13587bc89fe4882c7c889302511ffd738d136129b9f5be4c492cb49489671fb #     
party0-1  | Reg[0] = 0x7b1f7c3b93ff643023d63bbbe182a179922ad85a2aa0e03ef50170b58341d851 #     
party0-1  | Reg[0] = 0xdcb20558bd220be59a3d7f0091a128adb350093364276bcc7efd1ffebe295a6a #     
party0-1  | Reg[0] = 0x986044cccd0d6429072e2329bbf203700420754cb6e1ba4a946a8bd640a804d3 #     
party0-1  | Reg[0] = 0x92db992ebb7dbc845fa3a0afdb5cd26577a552476ffcd8ff63aca3b0f0b5b154 #     
party0-1  | Reg[4] = 0x2167a4ac269f9e6bba82518e22248cd997ecf048134e7f38ec73ee00841caa24 #     
party0-1  | --- Columna 18 ---
party0-1  | Reg[0] = 0x00000000000000000000000000000000000000000000000000000000003f4f50 #     
party0-1  | Reg[0] = 0x66687aadf862bd776c8fc18b8e9f8e20089714856ee233b3902a591d0d606674 #     
party0-1  | Reg[0] = 0x2b32db6c2c0a6235fb1397e8225ea85e0f0e6e8c7b126d0016ccbde0e6585a4c #     
party0-1  | Reg[0] = 0x12771355e46cd47c71ed1721fd5319b383cca3a1f9fce3aa1c8cd3bd37906f84 #     
party0-1  | Reg[0] = 0xfe15c0d3ebe314fad720a08b839a004c2e6386f5aecc19ec74807d1920f425bf #     
party0-1  | Reg[0] = 0x376da11fe3ab3d0eaaddb418ccb49b5426d5c2504f526f7766580f6e45a7016e #     
party0-1  | Reg[0] = 0x4391a5c79ffdc79883036503ca551673c09deec28df432a8d88debc7fa118648 #     
party0-1  | Reg[0] = 0x5d1adcb5797c2eff1ba0460af9324ac6df5b6ffb66be6df2547872c2f2a4eb95 #     
party0-1  | Reg[0] = 0x6a9b711ce5d3749ece29463110b6164dbb28dda28902586bf66e865e8c168c08 #     
party0-1  | Reg[0] = 0x4e6e6acef5953a6a2087d8dd7d38a49b3ca0627d8ab339872ce56c5bd38aee4b #     
party0-1  | Reg[0] = 0xf13587bc89fe4882c7c889302511ffd738d136129b9f5be4c492cb49489675d3 #     
party0-1  | Reg[0] = 0x7b1f7c3b93ff643023d63bbbe182a179922ad85a2aa0e03ef50170b58341dc79 #     
party0-1  | Reg[0] = 0xdcb20558bd220be59a3d7f0091a128adb350093364276bcc7efd1ffebe295e42 #     
party0-1  | Reg[0] = 0x986044cccd0d6429072e2329bbf203700420754cb6e1ba4a946a8bd640a800fb #     
party0-1  | Reg[0] = 0x92db992ebb7dbc845fa3a0afdb5cd26577a552476ffcd8ff63aca3b0f0b5b57c #     
party0-1  | Reg[4] = 0x2167a4ac269f9e6bba82518e22248cd997ecf048134e7f38ec73ee00841cae0c #     
party0-1  | --- Columna 19 ---
party0-1  | Reg[0] = 0x00000000000000000000000000000000000000000000000000000000003f5238 #     
party0-1  | Reg[0] = 0x66687aadf862bd776c8fc18b8e9f8e20089714856ee233b3902a591d0d607b1c #     
party0-1  | Reg[0] = 0x2b32db6c2c0a6235fb1397e8225ea85e0f0e6e8c7b126d0016ccbde0e6584724 #     
party0-1  | Reg[0] = 0x12771355e46cd47c71ed1721fd5319b383cca3a1f9fce3aa1c8cd3bd379072ec #     
party0-1  | Reg[0] = 0xfe15c0d3ebe314fad720a08b839a004c2e6386f5aecc19ec74807d1920f438d7 #     
party0-1  | Reg[0] = 0x376da11fe3ab3d0eaaddb418ccb49b5426d5c2504f526f7766580f6e45a71c06 #     
party0-1  | Reg[0] = 0x4391a5c79ffdc79883036503ca551673c09deec28df432a8d88debc7fa119b20 #     
party0-1  | Reg[0] = 0x5d1adcb5797c2eff1ba0460af9324ac6df5b6ffb66be6df2547872c2f2a4f6fd #     
party0-1  | Reg[0] = 0x6a9b711ce5d3749ece29463110b6164dbb28dda28902586bf66e865e8c169010 #     
party0-1  | Reg[0] = 0x4e6e6acef5953a6a2087d8dd7d38a49b3ca0627d8ab339872ce56c5bd38af253 #     
party0-1  | Reg[0] = 0xf13587bc89fe4882c7c889302511ffd738d136129b9f5be4c492cb49489669cb #     
party0-1  | Reg[0] = 0x7b1f7c3b93ff643023d63bbbe182a179922ad85a2aa0e03ef50170b58341c061 #     
party0-1  | Reg[0] = 0xdcb20558bd220be59a3d7f0091a128adb350093364276bcc7efd1ffebe29425a #     
party0-1  | Reg[0] = 0x986044cccd0d6429072e2329bbf203700420754cb6e1ba4a946a8bd640a81ce3 #     
party0-1  | Reg[0] = 0x92db992ebb7dbc845fa3a0afdb5cd26577a552476ffcd8ff63aca3b0f0b5a964 #     
party0-1  | Reg[4] = 0x2167a4ac269f9e6bba82518e22248cd997ecf048134e7f38ec73ee00841cb214 #     
party0-1  | --- Columna 20 ---
party0-1  | Reg[0] = 0x00000000000000000000000000000000000000000000000000000000003f5620 #     
party0-1  | Reg[0] = 0x66687aadf862bd776c8fc18b8e9f8e20089714856ee233b3902a591d0d607f04 #     
party0-1  | Reg[0] = 0x2b32db6c2c0a6235fb1397e8225ea85e0f0e6e8c7b126d0016ccbde0e658433c #     
party0-1  | Reg[0] = 0x12771355e46cd47c71ed1721fd5319b383cca3a1f9fce3aa1c8cd3bd379076f4 #     
party0-1  | Reg[0] = 0xfe15c0d3ebe314fad720a08b839a004c2e6386f5aecc19ec74807d1920f43ccf #     
party0-1  | Reg[0] = 0x376da11fe3ab3d0eaaddb418ccb49b5426d5c2504f526f7766580f6e45a7181e #     
party0-1  | Reg[0] = 0x4391a5c79ffdc79883036503ca551673c09deec28df432a8d88debc7fa119f38 #     
party0-1  | Reg[0] = 0x5d1adcb5797c2eff1ba0460af9324ac6df5b6ffb66be6df2547872c2f2a4f2e5 #     
party0-1  | Reg[0] = 0x6a9b711ce5d3749ece29463110b6164dbb28dda28902586bf66e865e8c169578 #     
party0-1  | Reg[0] = 0x4e6e6acef5953a6a2087d8dd7d38a49b3ca0627d8ab339872ce56c5bd38af73b #     
party0-1  | Reg[0] = 0xf13587bc89fe4882c7c889302511ffd738d136129b9f5be4c492cb4948966ca3 #     
party0-1  | Reg[0] = 0x7b1f7c3b93ff643023d63bbbe182a179922ad85a2aa0e03ef50170b58341c509 #     
party0-1  | Reg[0] = 0xdcb20558bd220be59a3d7f0091a128adb350093364276bcc7efd1ffebe294732 #     
party0-1  | Reg[0] = 0x986044cccd0d6429072e2329bbf203700420754cb6e1ba4a946a8bd640a8198b #     
party0-1  | Reg[0] = 0x92db992ebb7dbc845fa3a0afdb5cd26577a552476ffcd8ff63aca3b0f0b5ac0c #     
party0-1  | Reg[4] = 0x2167a4ac269f9e6bba82518e22248cd997ecf048134e7f38ec73ee00841cb77c #     
party0-1  | --- Columna 21 ---
party0-1  | Reg[0] = 0x00000000000000000000000000000000000000000000000000000000003f5a08 #     
party0-1  | Reg[0] = 0x66687aadf862bd776c8fc18b8e9f8e20089714856ee233b3902a591d0d60732c #     
party0-1  | Reg[0] = 0x2b32db6c2c0a6235fb1397e8225ea85e0f0e6e8c7b126d0016ccbde0e6584f14 #     
party0-1  | Reg[0] = 0x12771355e46cd47c71ed1721fd5319b383cca3a1f9fce3aa1c8cd3bd37907adc #     
party0-1  | Reg[0] = 0xfe15c0d3ebe314fad720a08b839a004c2e6386f5aecc19ec74807d1920f430e7 #     
party0-1  | Reg[0] = 0x376da11fe3ab3d0eaaddb418ccb49b5426d5c2504f526f7766580f6e45a71436 #     
party0-1  | Reg[0] = 0x4391a5c79ffdc79883036503ca551673c09deec28df432a8d88debc7fa119310 #     
party0-1  | Reg[0] = 0x5d1adcb5797c2eff1ba0460af9324ac6df5b6ffb66be6df2547872c2f2a4fecd #     
party0-1  | Reg[0] = 0x6a9b711ce5d3749ece29463110b6164dbb28dda28902586bf66e865e8c169940 #     
party0-1  | Reg[0] = 0x4e6e6acef5953a6a2087d8dd7d38a49b3ca0627d8ab339872ce56c5bd38afb03 #     
party0-1  | Reg[0] = 0xf13587bc89fe4882c7c889302511ffd738d136129b9f5be4c492cb494896609b #     
party0-1  | Reg[0] = 0x7b1f7c3b93ff643023d63bbbe182a179922ad85a2aa0e03ef50170b58341c931 #     
party0-1  | Reg[0] = 0xdcb20558bd220be59a3d7f0091a128adb350093364276bcc7efd1ffebe294b0a #     
party0-1  | Reg[0] = 0x986044cccd0d6429072e2329bbf203700420754cb6e1ba4a946a8bd640a815b3 #     
party0-1  | Reg[0] = 0x92db992ebb7dbc845fa3a0afdb5cd26577a552476ffcd8ff63aca3b0f0b5a034 #     
party0-1  | Reg[4] = 0x2167a4ac269f9e6bba82518e22248cd997ecf048134e7f38ec73ee00841cbb44 #     
party0-1  | --- Columna 22 ---
party0-1  | Reg[0] = 0x00000000000000000000000000000000000000000000000000000000003f5ef0 #     
party0-1  | Reg[0] = 0x66687aadf862bd776c8fc18b8e9f8e20089714856ee233b3902a591d0d6077d4 #     
party0-1  | Reg[0] = 0x2b32db6c2c0a6235fb1397e8225ea85e0f0e6e8c7b126d0016ccbde0e6584bec #     
party0-1  | Reg[0] = 0x12771355e46cd47c71ed1721fd5319b383cca3a1f9fce3aa1c8cd3bd37907e24 #     
party0-1  | Reg[0] = 0xfe15c0d3ebe314fad720a08b839a004c2e6386f5aecc19ec74807d1920f4341f #     
party0-1  | Reg[0] = 0x376da11fe3ab3d0eaaddb418ccb49b5426d5c2504f526f7766580f6e45a710ce #     
party0-1  | Reg[0] = 0x4391a5c79ffdc79883036503ca551673c09deec28df432a8d88debc7fa1197e8 #     
party0-1  | Reg[0] = 0x5d1adcb5797c2eff1ba0460af9324ac6df5b6ffb66be6df2547872c2f2a4fa35 #     
party0-1  | Reg[0] = 0x6a9b711ce5d3749ece29463110b6164dbb28dda28902586bf66e865e8c169da8 #     
party0-1  | Reg[0] = 0x4e6e6acef5953a6a2087d8dd7d38a49b3ca0627d8ab339872ce56c5bd38affeb #     
party0-1  | Reg[0] = 0xf13587bc89fe4882c7c889302511ffd738d136129b9f5be4c492cb4948966473 #     
party0-1  | Reg[0] = 0x7b1f7c3b93ff643023d63bbbe182a179922ad85a2aa0e03ef50170b58341cdd9 #     
party0-1  | Reg[0] = 0xdcb20558bd220be59a3d7f0091a128adb350093364276bcc7efd1ffebe294fe2 #     
party0-1  | Reg[0] = 0x986044cccd0d6429072e2329bbf203700420754cb6e1ba4a946a8bd640a8115b #     
party0-1  | Reg[0] = 0x92db992ebb7dbc845fa3a0afdb5cd26577a552476ffcd8ff63aca3b0f0b5a4dc #     
party0-1  | Reg[4] = 0x2167a4ac269f9e6bba82518e22248cd997ecf048134e7f38ec73ee00841cbfac #     
party0-1  | --- Columna 23 ---
party0-1  | Reg[0] = 0x00000000000000000000000000000000000000000000000000000000003f62d8 #     
party0-1  | Reg[0] = 0x66687aadf862bd776c8fc18b8e9f8e20089714856ee233b3902a591d0d604bfc #     
party0-1  | Reg[0] = 0x2b32db6c2c0a6235fb1397e8225ea85e0f0e6e8c7b126d0016ccbde0e65877c4 #     
party0-1  | Reg[0] = 0x12771355e46cd47c71ed1721fd5319b383cca3a1f9fce3aa1c8cd3bd3790420c #     
party0-1  | Reg[0] = 0xfe15c0d3ebe314fad720a08b839a004c2e6386f5aecc19ec74807d1920f40837 #     
party0-1  | Reg[0] = 0x376da11fe3ab3d0eaaddb418ccb49b5426d5c2504f526f7766580f6e45a72ce6 #     
party0-1  | Reg[0] = 0x4391a5c79ffdc79883036503ca551673c09deec28df432a8d88debc7fa11abc0 #     
party0-1  | Reg[0] = 0x5d1adcb5797c2eff1ba0460af9324ac6df5b6ffb66be6df2547872c2f2a4c61d #     
party0-1  | Reg[0] = 0x6a9b711ce5d3749ece29463110b6164dbb28dda28902586bf66e865e8c16a1b0 #     
party0-1  | Reg[0] = 0x4e6e6acef5953a6a2087d8dd7d38a49b3ca0627d8ab339872ce56c5bd38ac3f3 #     
party0-1  | Reg[0] = 0xf13587bc89fe4882c7c889302511ffd738d136129b9f5be4c492cb494896586b #     
party0-1  | Reg[0] = 0x7b1f7c3b93ff643023d63bbbe182a179922ad85a2aa0e03ef50170b58341f1c1 #     
party0-1  | Reg[0] = 0xdcb20558bd220be59a3d7f0091a128adb350093364276bcc7efd1ffebe2973fa #     
party0-1  | Reg[0] = 0x986044cccd0d6429072e2329bbf203700420754cb6e1ba4a946a8bd640a82d43 #     
party0-1  | Reg[0] = 0x92db992ebb7dbc845fa3a0afdb5cd26577a552476ffcd8ff63aca3b0f0b598c4 #     
party0-1  | Reg[4] = 0x2167a4ac269f9e6bba82518e22248cd997ecf048134e7f38ec73ee00841c83b4 #     
party0-1  | --- Columna 24 ---
party0-1  | Reg[0] = 0x00000000000000000000000000000000000000000000000000000000003f66c0 #     
party0-1  | Reg[0] = 0x66687aadf862bd776c8fc18b8e9f8e20089714856ee233b3902a591d0d604fe4 #     
party0-1  | Reg[0] = 0x2b32db6c2c0a6235fb1397e8225ea85e0f0e6e8c7b126d0016ccbde0e65873dc #     
party0-1  | Reg[0] = 0x12771355e46cd47c71ed1721fd5319b383cca3a1f9fce3aa1c8cd3bd37904614 #     
party0-1  | Reg[0] = 0xfe15c0d3ebe314fad720a08b839a004c2e6386f5aecc19ec74807d1920f40c2f #     
party0-1  | Reg[0] = 0x376da11fe3ab3d0eaaddb418ccb49b5426d5c2504f526f7766580f6e45a728fe #     
party0-1  | Reg[0] = 0x4391a5c79ffdc79883036503ca551673c09deec28df432a8d88debc7fa11afd8 #     
party0-1  | Reg[0] = 0x5d1adcb5797c2eff1ba0460af9324ac6df5b6ffb66be6df2547872c2f2a4c205 #     
party0-1  | Reg[0] = 0x6a9b711ce5d3749ece29463110b6164dbb28dda28902586bf66e865e8c16a598 #     
party0-1  | Reg[0] = 0x4e6e6acef5953a6a2087d8dd7d38a49b3ca0627d8ab339872ce56c5bd38ac7db #     
party0-1  | Reg[0] = 0xf13587bc89fe4882c7c889302511ffd738d136129b9f5be4c492cb4948965c43 #     
party0-1  | Reg[0] = 0x7b1f7c3b93ff643023d63bbbe182a179922ad85a2aa0e03ef50170b58341f5e9 #     
party0-1  | Reg[0] = 0xdcb20558bd220be59a3d7f0091a128adb350093364276bcc7efd1ffebe2977d2 #     
party0-1  | Reg[0] = 0x986044cccd0d6429072e2329bbf203700420754cb6e1ba4a946a8bd640a8296b #     
party0-1  | Reg[0] = 0x92db992ebb7dbc845fa3a0afdb5cd26577a552476ffcd8ff63aca3b0f0b59cec #     
party0-1  | Reg[4] = 0x2167a4ac269f9e6bba82518e22248cd997ecf048134e7f38ec73ee00841c879c #     
party0-1  | --- Columna 25 ---
party0-1  | Reg[0] = 0x00000000000000000000000000000000000000000000000000000000003f6da8 #     
party0-1  | Reg[0] = 0x66687aadf862bd776c8fc18b8e9f8e20089714856ee233b3902a591d0d60448c #     
party0-1  | Reg[0] = 0x2b32db6c2c0a6235fb1397e8225ea85e0f0e6e8c7b126d0016ccbde0e65878b4 #     
party0-1  | Reg[0] = 0x12771355e46cd47c71ed1721fd5319b383cca3a1f9fce3aa1c8cd3bd37904d7c #     
party0-1  | Reg[0] = 0xfe15c0d3ebe314fad720a08b839a004c2e6386f5aecc19ec74807d1920f40747 #     
party0-1  | Reg[0] = 0x376da11fe3ab3d0eaaddb418ccb49b5426d5c2504f526f7766580f6e45a72396 #     
party0-1  | Reg[0] = 0x4391a5c79ffdc79883036503ca551673c09deec28df432a8d88debc7fa11a4b0 #     
party0-1  | Reg[0] = 0x5d1adcb5797c2eff1ba0460af9324ac6df5b6ffb66be6df2547872c2f2a4c96d #     
party0-1  | Reg[0] = 0x6a9b711ce5d3749ece29463110b6164dbb28dda28902586bf66e865e8c16aee0 #     
party0-1  | Reg[0] = 0x4e6e6acef5953a6a2087d8dd7d38a49b3ca0627d8ab339872ce56c5bd38acca3 #     
party0-1  | Reg[0] = 0xf13587bc89fe4882c7c889302511ffd738d136129b9f5be4c492cb494896573b #     
party0-1  | Reg[0] = 0x7b1f7c3b93ff643023d63bbbe182a179922ad85a2aa0e03ef50170b58341fe91 #     
party0-1  | Reg[0] = 0xdcb20558bd220be59a3d7f0091a128adb350093364276bcc7efd1ffebe297caa #     
party0-1  | Reg[0] = 0x986044cccd0d6429072e2329bbf203700420754cb6e1ba4a946a8bd640a82213 #     
party0-1  | Reg[0] = 0x92db992ebb7dbc845fa3a0afdb5cd26577a552476ffcd8ff63aca3b0f0b59794 #     
party0-1  | Reg[4] = 0x2167a4ac269f9e6bba82518e22248cd997ecf048134e7f38ec73ee00841c8ce4 #     
party0-1  | --- Columna 26 ---
party0-1  | Reg[0] = 0x00000000000000000000000000000000000000000000000000000000003f6190 #     
party0-1  | Reg[0] = 0x66687aadf862bd776c8fc18b8e9f8e20089714856ee233b3902a591d0d6048b4 #     
party0-1  | Reg[0] = 0x2b32db6c2c0a6235fb1397e8225ea85e0f0e6e8c7b126d0016ccbde0e658748c #     
party0-1  | Reg[0] = 0x12771355e46cd47c71ed1721fd5319b383cca3a1f9fce3aa1c8cd3bd37904144 #     
party0-1  | Reg[0] = 0xfe15c0d3ebe314fad720a08b839a004c2e6386f5aecc19ec74807d1920f40b7f #     
party0-1  | Reg[0] = 0x376da11fe3ab3d0eaaddb418ccb49b5426d5c2504f526f7766580f6e45a72fae #     
party0-1  | Reg[0] = 0x4391a5c79ffdc79883036503ca551673c09deec28df432a8d88debc7fa11a888 #     
party0-1  | Reg[0] = 0x5d1adcb5797c2eff1ba0460af9324ac6df5b6ffb66be6df2547872c2f2a4c555 #     
party0-1  | Reg[0] = 0x6a9b711ce5d3749ece29463110b6164dbb28dda28902586bf66e865e8c16a2c8 #     
party0-1  | Reg[0] = 0x4e6e6acef5953a6a2087d8dd7d38a49b3ca0627d8ab339872ce56c5bd38ac08b #     
party0-1  | Reg[0] = 0xf13587bc89fe4882c7c889302511ffd738d136129b9f5be4c492cb4948965b13 #     
party0-1  | Reg[0] = 0x7b1f7c3b93ff643023d63bbbe182a179922ad85a2aa0e03ef50170b58341f2b9 #     
party0-1  | Reg[0] = 0xdcb20558bd220be59a3d7f0091a128adb350093364276bcc7efd1ffebe297082 #     
party0-1  | Reg[0] = 0x986044cccd0d6429072e2329bbf203700420754cb6e1ba4a946a8bd640a82e3b #     
party0-1  | Reg[0] = 0x92db992ebb7dbc845fa3a0afdb5cd26577a552476ffcd8ff63aca3b0f0b59bbc #     
party0-1  | Reg[4] = 0x2167a4ac269f9e6bba82518e22248cd997ecf048134e7f38ec73ee00841c80cc #     
party0-1  | --- Columna 27 ---
party0-1  | Reg[0] = 0x00000000000000000000000000000000000000000000000000000000003f7678 #     
party0-1  | Reg[0] = 0x66687aadf862bd776c8fc18b8e9f8e20089714856ee233b3902a591d0d605f5c #     
party0-1  | Reg[0] = 0x2b32db6c2c0a6235fb1397e8225ea85e0f0e6e8c7b126d0016ccbde0e6586364 #     
party0-1  | Reg[0] = 0x12771355e46cd47c71ed1721fd5319b383cca3a1f9fce3aa1c8cd3bd379056ac #     
party0-1  | Reg[0] = 0xfe15c0d3ebe314fad720a08b839a004c2e6386f5aecc19ec74807d1920f41c97 #     
party0-1  | Reg[0] = 0x376da11fe3ab3d0eaaddb418ccb49b5426d5c2504f526f7766580f6e45a73846 #     
party0-1  | Reg[0] = 0x4391a5c79ffdc79883036503ca551673c09deec28df432a8d88debc7fa11bf60 #     
party0-1  | Reg[0] = 0x5d1adcb5797c2eff1ba0460af9324ac6df5b6ffb66be6df2547872c2f2a4d2bd #     
party0-1  | Reg[0] = 0x6a9b711ce5d3749ece29463110b6164dbb28dda28902586bf66e865e8c16b6d0 #     
party0-1  | Reg[0] = 0x4e6e6acef5953a6a2087d8dd7d38a49b3ca0627d8ab339872ce56c5bd38ad493 #     
party0-1  | Reg[0] = 0xf13587bc89fe4882c7c889302511ffd738d136129b9f5be4c492cb4948964f0b #     
party0-1  | Reg[0] = 0x7b1f7c3b93ff643023d63bbbe182a179922ad85a2aa0e03ef50170b58341e6a1 #     
party0-1  | Reg[0] = 0xdcb20558bd220be59a3d7f0091a128adb350093364276bcc7efd1ffebe29649a #     
party0-1  | Reg[0] = 0x986044cccd0d6429072e2329bbf203700420754cb6e1ba4a946a8bd640a83a23 #     
party0-1  | Reg[0] = 0x92db992ebb7dbc845fa3a0afdb5cd26577a552476ffcd8ff63aca3b0f0b58fa4 #     
party0-1  | Reg[4] = 0x2167a4ac269f9e6bba82518e22248cd997ecf048134e7f38ec73ee00841c94d4 #     
party0-1  | --- Columna 28 ---
party0-1  | Reg[0] = 0x00000000000000000000000000000000000000000000000000000000003f6a60 #     
party0-1  | Reg[0] = 0x66687aadf862bd776c8fc18b8e9f8e20089714856ee233b3902a591d0d604344 #     
party0-1  | Reg[0] = 0x2b32db6c2c0a6235fb1397e8225ea85e0f0e6e8c7b126d0016ccbde0e6587f7c #     
party0-1  | Reg[0] = 0x12771355e46cd47c71ed1721fd5319b383cca3a1f9fce3aa1c8cd3bd37904ab4 #     
party0-1  | Reg[0] = 0xfe15c0d3ebe314fad720a08b839a004c2e6386f5aecc19ec74807d1920f4008f #     
party0-1  | Reg[0] = 0x376da11fe3ab3d0eaaddb418ccb49b5426d5c2504f526f7766580f6e45a7245e #     
party0-1  | Reg[0] = 0x4391a5c79ffdc79883036503ca551673c09deec28df432a8d88debc7fa11a378 #     
party0-1  | Reg[0] = 0x5d1adcb5797c2eff1ba0460af9324ac6df5b6ffb66be6df2547872c2f2a4cea5 #     
party0-1  | Reg[0] = 0x6a9b711ce5d3749ece29463110b6164dbb28dda28902586bf66e865e8c16a938 #     
party0-1  | Reg[0] = 0x4e6e6acef5953a6a2087d8dd7d38a49b3ca0627d8ab339872ce56c5bd38acb7b #     
party0-1  | Reg[0] = 0xf13587bc89fe4882c7c889302511ffd738d136129b9f5be4c492cb49489650e3 #     
party0-1  | Reg[0] = 0x7b1f7c3b93ff643023d63bbbe182a179922ad85a2aa0e03ef50170b58341f949 #     
party0-1  | Reg[0] = 0xdcb20558bd220be59a3d7f0091a128adb350093364276bcc7efd1ffebe297b72 #     
party0-1  | Reg[0] = 0x986044cccd0d6429072e2329bbf203700420754cb6e1ba4a946a8bd640a825cb #     
party0-1  | Reg[0] = 0x92db992ebb7dbc845fa3a0afdb5cd26577a552476ffcd8ff63aca3b0f0b5904c #     
party0-1  | Reg[4] = 0x2167a4ac269f9e6bba82518e22248cd997ecf048134e7f38ec73ee00841c8b3c #     
party0-1  | --- Columna 29 ---
party0-1  | Reg[0] = 0x00000000000000000000000000000000000000000000000000000000003f7e48 #     
party0-1  | Reg[0] = 0x66687aadf862bd776c8fc18b8e9f8e20089714856ee233b3902a591d0d60576c #     
party0-1  | Reg[0] = 0x2b32db6c2c0a6235fb1397e8225ea85e0f0e6e8c7b126d0016ccbde0e6586b54 #     
party0-1  | Reg[0] = 0x12771355e46cd47c71ed1721fd5319b383cca3a1f9fce3aa1c8cd3bd37905e9c #     
party0-1  | Reg[0] = 0xfe15c0d3ebe314fad720a08b839a004c2e6386f5aecc19ec74807d1920f414a7 #     
party0-1  | Reg[0] = 0x376da11fe3ab3d0eaaddb418ccb49b5426d5c2504f526f7766580f6e45a73076 #     
party0-1  | Reg[0] = 0x4391a5c79ffdc79883036503ca551673c09deec28df432a8d88debc7fa11b750 #     
party0-1  | Reg[0] = 0x5d1adcb5797c2eff1ba0460af9324ac6df5b6ffb66be6df2547872c2f2a4da8d #     
party0-1  | Reg[0] = 0x6a9b711ce5d3749ece29463110b6164dbb28dda28902586bf66e865e8c16bd00 #     
party0-1  | Reg[0] = 0x4e6e6acef5953a6a2087d8dd7d38a49b3ca0627d8ab339872ce56c5bd38adf43 #     
party0-1  | Reg[0] = 0xf13587bc89fe4882c7c889302511ffd738d136129b9f5be4c492cb49489644db #     
party0-1  | Reg[0] = 0x7b1f7c3b93ff643023d63bbbe182a179922ad85a2aa0e03ef50170b58341ed71 #     
party0-1  | Reg[0] = 0xdcb20558bd220be59a3d7f0091a128adb350093364276bcc7efd1ffebe296f4a #     
party0-1  | Reg[0] = 0x986044cccd0d6429072e2329bbf203700420754cb6e1ba4a946a8bd640a831f3 #     
party0-1  | Reg[0] = 0x92db992ebb7dbc845fa3a0afdb5cd26577a552476ffcd8ff63aca3b0f0b58474 #     
party0-1  | Reg[4] = 0x2167a4ac269f9e6bba82518e22248cd997ecf048134e7f38ec73ee00841c9f04 #     
party0-1  | --- Columna 30 ---
party0-1  | Reg[0] = 0x00000000000000000000000000000000000000000000000000000000003f7530 #     
party0-1  | Reg[0] = 0x66687aadf862bd776c8fc18b8e9f8e20089714856ee233b3902a591d0d605c14 #     
party0-1  | Reg[0] = 0x2b32db6c2c0a6235fb1397e8225ea85e0f0e6e8c7b126d0016ccbde0e658602c #     
party0-1  | Reg[0] = 0x12771355e46cd47c71ed1721fd5319b383cca3a1f9fce3aa1c8cd3bd379055e4 #     
party0-1  | Reg[0] = 0xfe15c0d3ebe314fad720a08b839a004c2e6386f5aecc19ec74807d1920f41fdf #     
party0-1  | Reg[0] = 0x376da11fe3ab3d0eaaddb418ccb49b5426d5c2504f526f7766580f6e45a73b0e #     
party0-1  | Reg[0] = 0x4391a5c79ffdc79883036503ca551673c09deec28df432a8d88debc7fa11bc28 #     
party0-1  | Reg[0] = 0x5d1adcb5797c2eff1ba0460af9324ac6df5b6ffb66be6df2547872c2f2a4d1f5 #     
party0-1  | Reg[0] = 0x6a9b711ce5d3749ece29463110b6164dbb28dda28902586bf66e865e8c16b668 #     
party0-1  | Reg[0] = 0x4e6e6acef5953a6a2087d8dd7d38a49b3ca0627d8ab339872ce56c5bd38ad42b #     
party0-1  | Reg[0] = 0xf13587bc89fe4882c7c889302511ffd738d136129b9f5be4c492cb4948964fb3 #     
party0-1  | Reg[0] = 0x7b1f7c3b93ff643023d63bbbe182a179922ad85a2aa0e03ef50170b58341e619 #     
party0-1  | Reg[0] = 0xdcb20558bd220be59a3d7f0091a128adb350093364276bcc7efd1ffebe296422 #     
party0-1  | Reg[0] = 0x986044cccd0d6429072e2329bbf203700420754cb6e1ba4a946a8bd640a83a9b #     
party0-1  | Reg[0] = 0x92db992ebb7dbc845fa3a0afdb5cd26577a552476ffcd8ff63aca3b0f0b58f1c #     
party0-1  | Reg[4] = 0x2167a4ac269f9e6bba82518e22248cd997ecf048134e7f38ec73ee00841c946c #     
party0-1  | --- Columna 31 ---
party0-1  | Reg[0] = 0x00000000000000000000000000000000000000000000000000000000003f7918 #     
party0-1  | Reg[0] = 0x66687aadf862bd776c8fc18b8e9f8e20089714856ee233b3902a591d0d60503c #     
party0-1  | Reg[0] = 0x2b32db6c2c0a6235fb1397e8225ea85e0f0e6e8c7b126d0016ccbde0e6586c04 #     
party0-1  | Reg[0] = 0x12771355e46cd47c71ed1721fd5319b383cca3a1f9fce3aa1c8cd3bd379059cc #     
party0-1  | Reg[0] = 0xfe15c0d3ebe314fad720a08b839a004c2e6386f5aecc19ec74807d1920f413f7 #     
party0-1  | Reg[0] = 0x376da11fe3ab3d0eaaddb418ccb49b5426d5c2504f526f7766580f6e45a73726 #     
party0-1  | Reg[0] = 0x4391a5c79ffdc79883036503ca551673c09deec28df432a8d88debc7fa11b000 #     
party0-1  | Reg[0] = 0x5d1adcb5797c2eff1ba0460af9324ac6df5b6ffb66be6df2547872c2f2a4dddd #     
party0-1  | Reg[0] = 0x6a9b711ce5d3749ece29463110b6164dbb28dda28902586bf66e865e8c16ba70 #     
party0-1  | Reg[0] = 0x4e6e6acef5953a6a2087d8dd7d38a49b3ca0627d8ab339872ce56c5bd38ad833 #     
party0-1  | Reg[0] = 0xf13587bc89fe4882c7c889302511ffd738d136129b9f5be4c492cb49489643ab #     
party0-1  | Reg[0] = 0x7b1f7c3b93ff643023d63bbbe182a179922ad85a2aa0e03ef50170b58341ea01 #     
party0-1  | Reg[0] = 0xdcb20558bd220be59a3d7f0091a128adb350093364276bcc7efd1ffebe29683a #     
party0-1  | Reg[0] = 0x986044cccd0d6429072e2329bbf203700420754cb6e1ba4a946a8bd640a83683 #     
party0-1  | Reg[0] = 0x92db992ebb7dbc845fa3a0afdb5cd26577a552476ffcd8ff63aca3b0f0b58304 #     
party0-1  | Reg[0] = 0x2167a4ac269f9e6bba82518e22248cd997ecf048134e7f38ec73ee00841c9874 #     
party0-1  | The following benchmarks are including preprocessing (offline phase).
party0-1  | Time = 73.4274 seconds 
party0-1  | Data sent = 185.145 MB in ~3090434 rounds (party 0 only; use '-v' for more details)
party2-1  | The following benchmarks are including preprocessing (offline phase).
party2-1  | Time = 73.4273 seconds 
party2-1  | Data sent = 181.946 MB in ~1546074 rounds (party 2 only; use '-v' for more details)
party1-1  | The following benchmarks are including preprocessing (offline phase).
party1-1  | Time = 73.4308 seconds 
party1-1  | Data sent = 181.946 MB in ~1546413 rounds (party 1 only; use '-v' for more details)
party1-1  | Global data sent = 549.038 MB (all parties)
party0-1  | Global data sent = 549.038 MB (all parties)
party2-1  | Global data sent = 549.038 MB (all parties)
[Kparty1-1 exited with code 0
[Kparty2-1 exited with code 0
[Kparty0-1 exited with code 0
