#1 [internal] load local bake definitions
#1 reading from stdin 1.03kB done
#1 DONE 0.0s

#2 [party0 internal] load build definition from Dockerfile
#2 transferring dockerfile: 1.15kB done
#2 DONE 0.0s

#3 [party0 internal] load metadata for docker.io/library/ubuntu:22.04
#3 DONE 2.6s

#4 [party0 internal] load .dockerignore
#4 transferring context: 2B done
#4 DONE 0.0s

#5 [party2  1/10] FROM docker.io/library/ubuntu:22.04@sha256:3b06811b2afd352be909dd088a004166d665dc76d38b13eada33522a9d915c6f
#5 resolve docker.io/library/ubuntu:22.04@sha256:3b06811b2afd352be909dd088a004166d665dc76d38b13eada33522a9d915c6f 0.0s done
#5 DONE 0.0s

#6 [party0 internal] load build context
#6 transferring context: 149B done
#6 DONE 0.0s

#7 [party2  6/10] RUN make -j"$(nproc)" semi-bin-party.x
#7 CACHED

#8 [party2  3/10] WORKDIR /mpspdz
#8 CACHED

#9 [party2  9/10] COPY scripts/entrypoint.sh /entrypoint.sh
#9 CACHED

#10 [party2  2/10] RUN apt-get update && apt-get install -y     automake build-essential clang cmake git     libboost-dev libboost-filesystem-dev libboost-iostreams-dev libboost-thread-dev     libgmp-dev libntl-dev     libsodium-dev libssl-dev libtool     python3 python3-pip     && rm -rf /var/lib/apt/lists/*
#10 CACHED

#11 [party2  5/10] RUN make setup
#11 CACHED

#12 [party2  4/10] RUN git clone --depth 1 https://github.com/data61/MP-SPDZ.git .
#12 CACHED

#13 [party2  8/10] COPY programs/sha256_full_column.mpc ./Programs/Source/sha256_full_column.mpc
#13 CACHED

#14 [party2  7/10] RUN git submodule update --init Programs/Circuits || git clone --depth 1 https://github.com/mkskeller/bristol-fashion Programs/Circuits
#14 CACHED

#15 [party2 10/10] RUN chmod +x /entrypoint.sh
#15 CACHED

#16 [party1] exporting to image
#16 exporting layers done
#16 exporting manifest sha256:071148bc9cf003ec1d390fac834c7b1246ab647cfb1d9b037ddded255e2a9772 done
#16 exporting config sha256:c45af22006bcd41964bdefe6a85aeea905e24546ce01c50f09baf439569d32ab done
#16 exporting attestation manifest sha256:859967574b3a02af02b25b03738cc575938c1ce34a919579381c12d276fdbc8f
#16 exporting attestation manifest sha256:859967574b3a02af02b25b03738cc575938c1ce34a919579381c12d276fdbc8f 0.0s done
#16 exporting manifest list sha256:18aec289471704b3529e42a57e558e76f271ba8ce534813408763f0be964947e 0.0s done
#16 naming to docker.io/library/threshold-hbs-full-dkg-poc-party1:latest done
#16 unpacking to docker.io/library/threshold-hbs-full-dkg-poc-party1:latest done
#16 DONE 0.1s

#17 [party0] exporting to image
#17 exporting layers done
#17 exporting manifest sha256:071148bc9cf003ec1d390fac834c7b1246ab647cfb1d9b037ddded255e2a9772 done
#17 exporting config sha256:c45af22006bcd41964bdefe6a85aeea905e24546ce01c50f09baf439569d32ab done
#17 exporting attestation manifest sha256:4d674b0294a474e255390f8367e372e0155c2e64aa309def7a53c1a64c719593 0.0s done
#17 exporting manifest list sha256:1643517bcce8b2bec19a7e9b74a0295ba89aa8e814f3e3d6ebabef3f6417c8fb 0.0s done
#17 naming to docker.io/library/threshold-hbs-full-dkg-poc-party0:latest done
#17 unpacking to docker.io/library/threshold-hbs-full-dkg-poc-party0:latest 0.0s done
#17 DONE 0.1s

#18 [party2] exporting to image
#18 exporting layers done
#18 exporting manifest sha256:071148bc9cf003ec1d390fac834c7b1246ab647cfb1d9b037ddded255e2a9772 done
#18 exporting config sha256:c45af22006bcd41964bdefe6a85aeea905e24546ce01c50f09baf439569d32ab done
#18 exporting attestation manifest sha256:9aea043b10326157cf3a8ffc5070d69ff96ff04a2f9347e3aefa683ebe8c24f7 0.0s done
#18 exporting manifest list sha256:0c91bfc8519190049da8fd7b1d9413f48dd5a3fd772c1e769e0165fb2f2eee46 0.0s done
#18 naming to docker.io/library/threshold-hbs-full-dkg-poc-party2:latest done
#18 unpacking to docker.io/library/threshold-hbs-full-dkg-poc-party2:latest 0.0s done
#18 DONE 0.1s

#19 [party0] resolving provenance for metadata file
#19 DONE 0.0s

#20 [party2] resolving provenance for metadata file
#20 DONE 0.0s

#21 [party1] resolving provenance for metadata file
#21 DONE 0.0s
 party0  Built
 party1  Built
 party2  Built
 Container threshold-hbs-full-dkg-poc-party0-1  Recreate
 Container threshold-hbs-full-dkg-poc-party0-1  Recreated
 Container threshold-hbs-full-dkg-poc-party2-1  Recreate
 Container threshold-hbs-full-dkg-poc-party1-1  Recreate
 Container threshold-hbs-full-dkg-poc-party1-1  Recreated
 Container threshold-hbs-full-dkg-poc-party2-1  Recreated
Attaching to party0-1, party1-1, party2-1
party0-1  | ==================================================
party0-1  |  Party 0 arrancando (67 columnas completas de 16 pasos, 3 parties)
party0-1  | ==================================================
party0-1  | -> Compilando sha256_full_column (n_steps=16, n_parties=3, n_columns=67)
party1-1  | ==================================================
party1-1  |  Party 1 arrancando (67 columnas completas de 16 pasos, 3 parties)
party1-1  | ==================================================
party1-1  | -> Compilando sha256_full_column (n_steps=16, n_parties=3, n_columns=67)
party0-1  | Default bit length for compilation: 64
party0-1  | Default security parameter for compilation: 40
party0-1  | Compiling file Programs/Source/sha256_full_column.mpc
party2-1  | ==================================================
party2-1  |  Party 2 arrancando (67 columnas completas de 16 pasos, 3 parties)
party2-1  | ==================================================
party2-1  | -> Compilando sha256_full_column (n_steps=16, n_parties=3, n_columns=67)
party1-1  | Default bit length for compilation: 64
party1-1  | Default security parameter for compilation: 40
party1-1  | Compiling file Programs/Source/sha256_full_column.mpc
party2-1  | Default bit length for compilation: 64
party2-1  | Default security parameter for compilation: 40
party2-1  | Compiling file Programs/Source/sha256_full_column.mpc
party0-1  | Compiled 100000 lines at Wed Aug 12 14:16:42 2026
party1-1  | Compiled 100000 lines at Wed Aug 12 14:16:42 2026
party2-1  | Compiled 100000 lines at Wed Aug 12 14:16:42 2026
party0-1  | Compiled 200000 lines at Wed Aug 12 14:16:43 2026
party1-1  | Compiled 200000 lines at Wed Aug 12 14:16:43 2026
party2-1  | Compiled 200000 lines at Wed Aug 12 14:16:44 2026
party0-1  | Compiled 300000 lines at Wed Aug 12 14:16:46 2026
party1-1  | Compiled 300000 lines at Wed Aug 12 14:16:46 2026
party2-1  | Compiled 300000 lines at Wed Aug 12 14:16:46 2026
party0-1  | Compiled 400000 lines at Wed Aug 12 14:16:47 2026
party1-1  | Compiled 400000 lines at Wed Aug 12 14:16:47 2026
party2-1  | Compiled 400000 lines at Wed Aug 12 14:16:47 2026
party1-1  | Compiled 500000 lines at Wed Aug 12 14:16:48 2026
party0-1  | Compiled 500000 lines at Wed Aug 12 14:16:48 2026
party2-1  | Compiled 500000 lines at Wed Aug 12 14:16:48 2026
party1-1  | Compiled 600000 lines at Wed Aug 12 14:16:50 2026
party0-1  | Compiled 600000 lines at Wed Aug 12 14:16:50 2026
party2-1  | Compiled 600000 lines at Wed Aug 12 14:16:50 2026
party1-1  | Compiled 700000 lines at Wed Aug 12 14:16:51 2026
party0-1  | Compiled 700000 lines at Wed Aug 12 14:16:51 2026
party2-1  | Compiled 700000 lines at Wed Aug 12 14:16:51 2026
party1-1  | Compiled 800000 lines at Wed Aug 12 14:16:52 2026
party2-1  | Compiled 800000 lines at Wed Aug 12 14:16:52 2026
party0-1  | Compiled 800000 lines at Wed Aug 12 14:16:52 2026
party2-1  | Compiled 900000 lines at Wed Aug 12 14:16:54 2026
party1-1  | Compiled 900000 lines at Wed Aug 12 14:16:54 2026
party0-1  | Compiled 900000 lines at Wed Aug 12 14:16:54 2026
party2-1  | Compiled 1000000 lines at Wed Aug 12 14:16:55 2026
party1-1  | Compiled 1000000 lines at Wed Aug 12 14:16:55 2026
party0-1  | Compiled 1000000 lines at Wed Aug 12 14:16:56 2026
party2-1  | Compiled 1100000 lines at Wed Aug 12 14:16:58 2026
party1-1  | Compiled 1100000 lines at Wed Aug 12 14:16:58 2026
party0-1  | Compiled 1100000 lines at Wed Aug 12 14:16:58 2026
party2-1  | Compiled 1200000 lines at Wed Aug 12 14:16:59 2026
party1-1  | Compiled 1200000 lines at Wed Aug 12 14:16:59 2026
party0-1  | Compiled 1200000 lines at Wed Aug 12 14:17:00 2026
party2-1  | Compiled 1300000 lines at Wed Aug 12 14:17:05 2026
party1-1  | Compiled 1300000 lines at Wed Aug 12 14:17:05 2026
party0-1  | Compiled 1300000 lines at Wed Aug 12 14:17:05 2026
party2-1  | Compiled 1400000 lines at Wed Aug 12 14:17:06 2026
party1-1  | Compiled 1400000 lines at Wed Aug 12 14:17:06 2026
party0-1  | Compiled 1400000 lines at Wed Aug 12 14:17:07 2026
party2-1  | Compiled 1500000 lines at Wed Aug 12 14:17:08 2026
party1-1  | Compiled 1500000 lines at Wed Aug 12 14:17:08 2026
party0-1  | Compiled 1500000 lines at Wed Aug 12 14:17:08 2026
party2-1  | Compiled 1600000 lines at Wed Aug 12 14:17:11 2026
party0-1  | Compiled 1600000 lines at Wed Aug 12 14:17:11 2026
party1-1  | Compiled 1600000 lines at Wed Aug 12 14:17:11 2026
party2-1  | Compiled 1700000 lines at Wed Aug 12 14:17:12 2026
party0-1  | Compiled 1700000 lines at Wed Aug 12 14:17:12 2026
party1-1  | Compiled 1700000 lines at Wed Aug 12 14:17:13 2026
party2-1  | Compiled 1800000 lines at Wed Aug 12 14:17:14 2026
party0-1  | Compiled 1800000 lines at Wed Aug 12 14:17:14 2026
party1-1  | Compiled 1800000 lines at Wed Aug 12 14:17:14 2026
party2-1  | Compiled 1900000 lines at Wed Aug 12 14:17:17 2026
party0-1  | Compiled 1900000 lines at Wed Aug 12 14:17:17 2026
party1-1  | Compiled 1900000 lines at Wed Aug 12 14:17:17 2026
party2-1  | Compiled 2000000 lines at Wed Aug 12 14:17:19 2026
party0-1  | Compiled 2000000 lines at Wed Aug 12 14:17:19 2026
party1-1  | Compiled 2000000 lines at Wed Aug 12 14:17:19 2026
party2-1  | Compiled 2100000 lines at Wed Aug 12 14:17:21 2026
party1-1  | Compiled 2100000 lines at Wed Aug 12 14:17:21 2026
party0-1  | Compiled 2100000 lines at Wed Aug 12 14:17:21 2026
party2-1  | Compiled 2200000 lines at Wed Aug 12 14:17:22 2026
party0-1  | Compiled 2200000 lines at Wed Aug 12 14:17:22 2026
party1-1  | Compiled 2200000 lines at Wed Aug 12 14:17:22 2026
party2-1  | Compiled 2300000 lines at Wed Aug 12 14:17:25 2026
party1-1  | Compiled 2300000 lines at Wed Aug 12 14:17:25 2026
party0-1  | Compiled 2300000 lines at Wed Aug 12 14:17:25 2026
party2-1  | Compiled 2400000 lines at Wed Aug 12 14:17:27 2026
party1-1  | Compiled 2400000 lines at Wed Aug 12 14:17:27 2026
party0-1  | Compiled 2400000 lines at Wed Aug 12 14:17:27 2026
party2-1  | Compiled 2500000 lines at Wed Aug 12 14:17:28 2026
party1-1  | Compiled 2500000 lines at Wed Aug 12 14:17:28 2026
party0-1  | Compiled 2500000 lines at Wed Aug 12 14:17:29 2026
party2-1  | Compiled 2600000 lines at Wed Aug 12 14:17:30 2026
party1-1  | Compiled 2600000 lines at Wed Aug 12 14:17:30 2026
party0-1  | Compiled 2600000 lines at Wed Aug 12 14:17:30 2026
party2-1  | Compiled 2700000 lines at Wed Aug 12 14:17:31 2026
party1-1  | Compiled 2700000 lines at Wed Aug 12 14:17:31 2026
party0-1  | Compiled 2700000 lines at Wed Aug 12 14:17:32 2026
party2-1  | Compiled 2800000 lines at Wed Aug 12 14:17:35 2026
party1-1  | Compiled 2800000 lines at Wed Aug 12 14:17:35 2026
party0-1  | Compiled 2800000 lines at Wed Aug 12 14:17:35 2026
party2-1  | Compiled 2900000 lines at Wed Aug 12 14:17:36 2026
party1-1  | Compiled 2900000 lines at Wed Aug 12 14:17:36 2026
party0-1  | Compiled 2900000 lines at Wed Aug 12 14:17:36 2026
party2-1  | Compiled 3000000 lines at Wed Aug 12 14:17:38 2026
party1-1  | Compiled 3000000 lines at Wed Aug 12 14:17:38 2026
party0-1  | Compiled 3000000 lines at Wed Aug 12 14:17:38 2026
party2-1  | Compiled 3100000 lines at Wed Aug 12 14:17:40 2026
party1-1  | Compiled 3100000 lines at Wed Aug 12 14:17:40 2026
party0-1  | Compiled 3100000 lines at Wed Aug 12 14:17:40 2026
party2-1  | Compiled 3200000 lines at Wed Aug 12 14:17:41 2026
party1-1  | Compiled 3200000 lines at Wed Aug 12 14:17:41 2026
party0-1  | Compiled 3200000 lines at Wed Aug 12 14:17:42 2026
party2-1  | WARNING: Order of memory instructions not preserved, errors possible
party1-1  | WARNING: Order of memory instructions not preserved, errors possible
party0-1  | WARNING: Order of memory instructions not preserved, errors possible
party0-1  | /entrypoint.sh: line 9:     7 Killed                  ./compile.py sha256_full_column "${N_STEPS}" "${NUM_PARTIES}" "${N_COLUMNS}"
[Kparty0-1 exited with code 137
party2-1  | Writing to Programs/Schedules/sha256_full_column-16-3-67.sch
party2-1  | Writing to Programs/Bytecode/sha256_full_column-16-3-67-0.bc
party1-1  | Writing to Programs/Schedules/sha256_full_column-16-3-67.sch
party1-1  | Writing to Programs/Bytecode/sha256_full_column-16-3-67-0.bc
party2-1  | Hash: 7674584244a0d79e41c0fbd46bf628a1d87c2e4a45078f573b6dd0e875177f5a
party2-1  | Program requires at most:
party2-1  |       274432 bit inputs from player 0
party2-1  |       274432 bit inputs from player 1
party2-1  |       274432 bit inputs from player 2
party2-1  |        34304 bit opens
party2-1  |     22685865 bit triples
party2-1  |      1616042 virtual machine rounds
party1-1  | Hash: 7674584244a0d79e41c0fbd46bf628a1d87c2e4a45078f573b6dd0e875177f5a
party1-1  | Program requires at most:
party1-1  |       274432 bit inputs from player 0
party1-1  |       274432 bit inputs from player 1
party1-1  |       274432 bit inputs from player 2
party1-1  |        34304 bit opens
party1-1  |     22685865 bit triples
party1-1  |      1616042 virtual machine rounds
party2-1  | -> Lanzando semi-bin-party.x
party2-1  | Using statistical security parameter 40
party1-1  | -> Lanzando semi-bin-party.x
party1-1  | Using statistical security parameter 40
party2-1  | getaddrinfo on party2 has returned 'Name or service not known' for party0, trying again in a second ...
party1-1  | getaddrinfo on party1 has returned 'Name or service not known' for party0, trying again in a second ...
party2-1  | getaddrinfo on party2 has returned 'Name or service not known' for party0, trying again in a second ...
party1-1  | getaddrinfo on party1 has returned 'Name or service not known' for party0, trying again in a second ...
party2-1  | getaddrinfo on party2 has returned 'Name or service not known' for party0, trying again in a second ...
party1-1  | getaddrinfo on party1 has returned 'Name or service not known' for party0, trying again in a second ...
party2-1  | getaddrinfo on party2 has returned 'Name or service not known' for party0, trying again in a second ...
party1-1  | getaddrinfo on party1 has returned 'Name or service not known' for party0, trying again in a second ...
party2-1  | getaddrinfo on party2 has returned 'Name or service not known' for party0, trying again in a second ...
party1-1  | getaddrinfo on party1 has returned 'Name or service not known' for party0, trying again in a second ...
party2-1  | getaddrinfo on party2 has returned 'Name or service not known' for party0, trying again in a second ...
party1-1  | getaddrinfo on party1 has returned 'Name or service not known' for party0, trying again in a second ...
party2-1  | getaddrinfo on party2 has returned 'Name or service not known' for party0, trying again in a second ...
party1-1  | getaddrinfo on party1 has returned 'Name or service not known' for party0, trying again in a second ...
party2-1  | getaddrinfo on party2 has returned 'Name or service not known' for party0, trying again in a second ...
party1-1  | getaddrinfo on party1 has returned 'Name or service not known' for party0, trying again in a second ...
party2-1  | getaddrinfo on party2 has returned 'Name or service not known' for party0, trying again in a second ...
party1-1  | getaddrinfo on party1 has returned 'Name or service not known' for party0, trying again in a second ...
party2-1  | getaddrinfo on party2 has returned 'Name or service not known' for party0, trying again in a second ...
party1-1  | getaddrinfo on party1 has returned 'Name or service not known' for party0, trying again in a second ...
party2-1  | getaddrinfo on party2 has returned 'Name or service not known' for party0, trying again in a second ...
party1-1  | getaddrinfo on party1 has returned 'Name or service not known' for party0, trying again in a second ...
party2-1  | getaddrinfo on party2 has returned 'Name or service not known' for party0, trying again in a second ...
